Archive member included to satisfy reference by file (symbol)

/usr/lib/gcc/arm-none-eabi/6.3.1/thumb/v7e-m/libgcc.a(_aeabi_uldivmod.o)
                              CMakeFiles/USART3.elf.dir/Drivers/STM32F4xx_HAL_Driver/Src/stm32f4xx_hal_rcc.c.obj (__aeabi_uldivmod)
/usr/lib/gcc/arm-none-eabi/6.3.1/thumb/v7e-m/libgcc.a(_udivmoddi4.o)
                              /usr/lib/gcc/arm-none-eabi/6.3.1/thumb/v7e-m/libgcc.a(_aeabi_uldivmod.o) (__udivmoddi4)
/usr/lib/gcc/arm-none-eabi/6.3.1/thumb/v7e-m/libgcc.a(_dvmd_tls.o)
                              /usr/lib/gcc/arm-none-eabi/6.3.1/thumb/v7e-m/libgcc.a(_aeabi_uldivmod.o) (__aeabi_ldiv0)
/usr/lib/gcc/arm-none-eabi/6.3.1/../../../arm-none-eabi/lib/thumb/v7e-m/libg.a(lib_a-atexit.o)
                              /usr/lib/gcc/arm-none-eabi/6.3.1/../../../arm-none-eabi/lib/thumb/v7e-m/crt0.o (atexit)
/usr/lib/gcc/arm-none-eabi/6.3.1/../../../arm-none-eabi/lib/thumb/v7e-m/libg.a(lib_a-errno.o)
                              CMakeFiles/USART3.elf.dir/src/syscalls.c.obj (__errno)
/usr/lib/gcc/arm-none-eabi/6.3.1/../../../arm-none-eabi/lib/thumb/v7e-m/libg.a(lib_a-exit.o)
                              /usr/lib/gcc/arm-none-eabi/6.3.1/../../../arm-none-eabi/lib/thumb/v7e-m/crt0.o (exit)
/usr/lib/gcc/arm-none-eabi/6.3.1/../../../arm-none-eabi/lib/thumb/v7e-m/libg.a(lib_a-fini.o)
                              /usr/lib/gcc/arm-none-eabi/6.3.1/../../../arm-none-eabi/lib/thumb/v7e-m/crt0.o (__libc_fini_array)
/usr/lib/gcc/arm-none-eabi/6.3.1/../../../arm-none-eabi/lib/thumb/v7e-m/libg.a(lib_a-impure.o)
                              /usr/lib/gcc/arm-none-eabi/6.3.1/../../../arm-none-eabi/lib/thumb/v7e-m/libg.a(lib_a-exit.o) (_global_impure_ptr)
/usr/lib/gcc/arm-none-eabi/6.3.1/../../../arm-none-eabi/lib/thumb/v7e-m/libg.a(lib_a-init.o)
                              /usr/lib/gcc/arm-none-eabi/6.3.1/../../../arm-none-eabi/lib/thumb/v7e-m/crt0.o (__libc_init_array)
/usr/lib/gcc/arm-none-eabi/6.3.1/../../../arm-none-eabi/lib/thumb/v7e-m/libg.a(lib_a-malloc.o)
                              CMakeFiles/USART3.elf.dir/src/led.c.obj (malloc)
/usr/lib/gcc/arm-none-eabi/6.3.1/../../../arm-none-eabi/lib/thumb/v7e-m/libg.a(lib_a-mallocr.o)
                              /usr/lib/gcc/arm-none-eabi/6.3.1/../../../arm-none-eabi/lib/thumb/v7e-m/libg.a(lib_a-malloc.o) (_malloc_r)
/usr/lib/gcc/arm-none-eabi/6.3.1/../../../arm-none-eabi/lib/thumb/v7e-m/libg.a(lib_a-memset.o)
                              /usr/lib/gcc/arm-none-eabi/6.3.1/../../../arm-none-eabi/lib/thumb/v7e-m/crt0.o (memset)
/usr/lib/gcc/arm-none-eabi/6.3.1/../../../arm-none-eabi/lib/thumb/v7e-m/libg.a(lib_a-mlock.o)
                              /usr/lib/gcc/arm-none-eabi/6.3.1/../../../arm-none-eabi/lib/thumb/v7e-m/libg.a(lib_a-mallocr.o) (__malloc_lock)
/usr/lib/gcc/arm-none-eabi/6.3.1/../../../arm-none-eabi/lib/thumb/v7e-m/libg.a(lib_a-sbrkr.o)
                              /usr/lib/gcc/arm-none-eabi/6.3.1/../../../arm-none-eabi/lib/thumb/v7e-m/libg.a(lib_a-mallocr.o) (_sbrk_r)
/usr/lib/gcc/arm-none-eabi/6.3.1/../../../arm-none-eabi/lib/thumb/v7e-m/libg.a(lib_a-strcpy.o)
                              CMakeFiles/USART3.elf.dir/src/led.c.obj (strcpy)
/usr/lib/gcc/arm-none-eabi/6.3.1/../../../arm-none-eabi/lib/thumb/v7e-m/libg.a(lib_a-strlen.o)
                              CMakeFiles/USART3.elf.dir/src/davesusart.c.obj (strlen)
/usr/lib/gcc/arm-none-eabi/6.3.1/../../../arm-none-eabi/lib/thumb/v7e-m/libg.a(lib_a-__atexit.o)
                              /usr/lib/gcc/arm-none-eabi/6.3.1/../../../arm-none-eabi/lib/thumb/v7e-m/libg.a(lib_a-atexit.o) (__register_exitproc)
/usr/lib/gcc/arm-none-eabi/6.3.1/../../../arm-none-eabi/lib/thumb/v7e-m/libg.a(lib_a-__call_atexit.o)
                              /usr/lib/gcc/arm-none-eabi/6.3.1/../../../arm-none-eabi/lib/thumb/v7e-m/libg.a(lib_a-exit.o) (__call_exitprocs)
/usr/lib/gcc/arm-none-eabi/6.3.1/../../../arm-none-eabi/lib/thumb/v7e-m/libg.a(lib_a-freer.o)
                              /usr/lib/gcc/arm-none-eabi/6.3.1/../../../arm-none-eabi/lib/thumb/v7e-m/libg.a(lib_a-malloc.o) (_free_r)
/usr/lib/gcc/arm-none-eabi/6.3.1/../../../arm-none-eabi/lib/thumb/v7e-m/libg.a(lib_a-reent.o)
                              /usr/lib/gcc/arm-none-eabi/6.3.1/../../../arm-none-eabi/lib/thumb/v7e-m/libg.a(lib_a-sbrkr.o) (errno)

Allocating common symbols
Common symbol       size              file

errno               0x4               /usr/lib/gcc/arm-none-eabi/6.3.1/../../../arm-none-eabi/lib/thumb/v7e-m/libg.a(lib_a-reent.o)

Discarded input sections

 .text          0x0000000000000000        0x0 /usr/lib/gcc/arm-none-eabi/6.3.1/thumb/v7e-m/crti.o
 .data          0x0000000000000000        0x0 /usr/lib/gcc/arm-none-eabi/6.3.1/thumb/v7e-m/crti.o
 .bss           0x0000000000000000        0x0 /usr/lib/gcc/arm-none-eabi/6.3.1/thumb/v7e-m/crti.o
 .data          0x0000000000000000        0x4 /usr/lib/gcc/arm-none-eabi/6.3.1/thumb/v7e-m/crtbegin.o
[...]
Memory Configuration

Name             Origin             Length             Attributes
RAM              0x0000000020000000 0x0000000000020000 xrw
FLASH            0x0000000008000000 0x0000000000080000 xr
*default*        0x0000000000000000 0xffffffffffffffff

Linker script and memory map

LOAD /usr/lib/gcc/arm-none-eabi/6.3.1/thumb/v7e-m/crti.o
LOAD /usr/lib/gcc/arm-none-eabi/6.3.1/thumb/v7e-m/crtbegin.o
LOAD /usr/lib/gcc/arm-none-eabi/6.3.1/../../../arm-none-eabi/lib/thumb/v7e-m/crt0.o
LOAD CMakeFiles/USART3.elf.dir/Drivers/STM32F4xx_HAL_Driver/Src/stm32f4xx_hal.c.obj
LOAD CMakeFiles/USART3.elf.dir/Drivers/STM32F4xx_HAL_Driver/Src/stm32f4xx_hal_cortex.c.obj
LOAD CMakeFiles/USART3.elf.dir/Drivers/STM32F4xx_HAL_Driver/Src/stm32f4xx_hal_dma.c.obj
LOAD CMakeFiles/USART3.elf.dir/Drivers/STM32F4xx_HAL_Driver/Src/stm32f4xx_hal_dma_ex.c.obj
LOAD CMakeFiles/USART3.elf.dir/Drivers/STM32F4xx_HAL_Driver/Src/stm32f4xx_hal_exti.c.obj
LOAD CMakeFiles/USART3.elf.dir/Drivers/STM32F4xx_HAL_Driver/Src/stm32f4xx_hal_flash.c.obj
LOAD CMakeFiles/USART3.elf.dir/Drivers/STM32F4xx_HAL_Driver/Src/stm32f4xx_hal_flash_ex.c.obj
LOAD CMakeFiles/USART3.elf.dir/Drivers/STM32F4xx_HAL_Driver/Src/stm32f4xx_hal_flash_ramfunc.c.obj
LOAD CMakeFiles/USART3.elf.dir/Drivers/STM32F4xx_HAL_Driver/Src/stm32f4xx_hal_gpio.c.obj
LOAD CMakeFiles/USART3.elf.dir/Drivers/STM32F4xx_HAL_Driver/Src/stm32f4xx_hal_pwr.c.obj
LOAD CMakeFiles/USART3.elf.dir/Drivers/STM32F4xx_HAL_Driver/Src/stm32f4xx_hal_pwr_ex.c.obj
LOAD CMakeFiles/USART3.elf.dir/Drivers/STM32F4xx_HAL_Driver/Src/stm32f4xx_hal_rcc.c.obj
LOAD CMakeFiles/USART3.elf.dir/Drivers/STM32F4xx_HAL_Driver/Src/stm32f4xx_hal_rcc_ex.c.obj
LOAD CMakeFiles/USART3.elf.dir/Drivers/STM32F4xx_HAL_Driver/Src/stm32f4xx_hal_tim.c.obj
LOAD CMakeFiles/USART3.elf.dir/Drivers/STM32F4xx_HAL_Driver/Src/stm32f4xx_hal_tim_ex.c.obj
LOAD CMakeFiles/USART3.elf.dir/Drivers/STM32F4xx_HAL_Driver/Src/stm32f4xx_hal_uart.c.obj
LOAD CMakeFiles/USART3.elf.dir/Startup/startup_stm32f446retx.s.obj
LOAD CMakeFiles/USART3.elf.dir/src/button.c.obj
LOAD CMakeFiles/USART3.elf.dir/src/davesusart.c.obj
LOAD CMakeFiles/USART3.elf.dir/src/init.c.obj
LOAD CMakeFiles/USART3.elf.dir/src/led.c.obj
LOAD CMakeFiles/USART3.elf.dir/src/main.c.obj
LOAD CMakeFiles/USART3.elf.dir/src/menu.c.obj
LOAD CMakeFiles/USART3.elf.dir/src/stm32f4xx_hal_msp.c.obj
LOAD CMakeFiles/USART3.elf.dir/src/stm32f4xx_it.c.obj
LOAD CMakeFiles/USART3.elf.dir/src/syscalls.c.obj
LOAD CMakeFiles/USART3.elf.dir/src/sysmem.c.obj
LOAD CMakeFiles/USART3.elf.dir/src/system_stm32f4xx.c.obj
START GROUP
LOAD /usr/lib/gcc/arm-none-eabi/6.3.1/thumb/v7e-m/libgcc.a
LOAD /usr/lib/gcc/arm-none-eabi/6.3.1/../../../arm-none-eabi/lib/thumb/v7e-m/libg.a
LOAD /usr/lib/gcc/arm-none-eabi/6.3.1/../../../arm-none-eabi/lib/thumb/v7e-m/libc.a
END GROUP
LOAD /usr/lib/gcc/arm-none-eabi/6.3.1/thumb/v7e-m/crtend.o
LOAD /usr/lib/gcc/arm-none-eabi/6.3.1/thumb/v7e-m/crtn.o
                0x0000000020020000                _estack = (ORIGIN (RAM) + LENGTH (RAM))
                0x0000000000000200                _Min_Heap_Size = 0x200
                0x0000000000000400                _Min_Stack_Size = 0x400

.isr_vector     0x0000000008000000      0x1c4
                0x0000000008000000                . = ALIGN (0x4)
 *(.isr_vector)
 .isr_vector    0x0000000008000000      0x1c4 CMakeFiles/USART3.elf.dir/Startup/startup_stm32f446retx.s.obj
                0x0000000008000000                g_pfnVectors
                0x00000000080001c4                . = ALIGN (0x4)

.text           0x0000000008000200      0xf94
                0x0000000008000200                . = ALIGN (0x4)
 *(.text)
 .text          0x0000000008000200       0xa4 /usr/lib/gcc/arm-none-eabi/6.3.1/thumb/v7e-m/crtbegin.o
 .text          0x00000000080002a4        0xc /usr/lib/gcc/arm-none-eabi/6.3.1/../../../arm-none-eabi/lib/thumb/v7e-m/libg.a(lib_a-atexit.o)
                0x00000000080002a4                atexit
 .text          0x00000000080002b0        0xc /usr/lib/gcc/arm-none-eabi/6.3.1/../../../arm-none-eabi/lib/thumb/v7e-m/libg.a(lib_a-errno.o)
                0x00000000080002b0                __errno
 .text          0x00000000080002bc       0x34 /usr/lib/gcc/arm-none-eabi/6.3.1/../../../arm-none-eabi/lib/thumb/v7e-m/libg.a(lib_a-fini.o)
                0x00000000080002bc                __libc_fini_array
 .text          0x00000000080002f0       0x50 /usr/lib/gcc/arm-none-eabi/6.3.1/../../../arm-none-eabi/lib/thumb/v7e-m/libg.a(lib_a-init.o)
                0x00000000080002f0                __libc_init_array
 .text          0x0000000008000340       0x20 /usr/lib/gcc/arm-none-eabi/6.3.1/../../../arm-none-eabi/lib/thumb/v7e-m/libg.a(lib_a-malloc.o)
                0x0000000008000340                malloc
                0x0000000008000350                free
 .text          0x0000000008000360      0x554 /usr/lib/gcc/arm-none-eabi/6.3.1/../../../arm-none-eabi/lib/thumb/v7e-m/libg.a(lib_a-mallocr.o)
                0x0000000008000360                _malloc_r
 .text          0x00000000080008b4        0x8 /usr/lib/gcc/arm-none-eabi/6.3.1/../../../arm-none-eabi/lib/thumb/v7e-m/libg.a(lib_a-mlock.o)
                0x00000000080008b4                __malloc_lock
                0x00000000080008b8                __malloc_unlock
 .text          0x00000000080008bc       0x24 /usr/lib/gcc/arm-none-eabi/6.3.1/../../../arm-none-eabi/lib/thumb/v7e-m/libg.a(lib_a-sbrkr.o)
                0x00000000080008bc                _sbrk_r
 .text          0x00000000080008e0       0xbc /usr/lib/gcc/arm-none-eabi/6.3.1/../../../arm-none-eabi/lib/thumb/v7e-m/libg.a(lib_a-strcpy.o)
                0x00000000080008e0                strcpy
 *fill*         0x000000000800099c       0x24 
 .text          0x00000000080009c0       0xdc /usr/lib/gcc/arm-none-eabi/6.3.1/../../../arm-none-eabi/lib/thumb/v7e-m/libg.a(lib_a-strlen.o)
                0x00000000080009c0                strlen
 .text          0x0000000008000a9c       0xa4 /usr/lib/gcc/arm-none-eabi/6.3.1/../../../arm-none-eabi/lib/thumb/v7e-m/libg.a(lib_a-__atexit.o)
                0x0000000008000a9c                __register_exitproc
 .text          0x0000000008000b40      0x26c /usr/lib/gcc/arm-none-eabi/6.3.1/../../../arm-none-eabi/lib/thumb/v7e-m/libg.a(lib_a-freer.o)
                0x0000000008000b40                _malloc_trim_r
                0x0000000008000be0                _free_r
 *(.text*)
 .text.HAL_IncTick
                0x0000000008000dac       0x18 CMakeFiles/USART3.elf.dir/Drivers/STM32F4xx_HAL_Driver/Src/stm32f4xx_hal.c.obj
                0x0000000008000dac                HAL_IncTick
 .text.Reset_Handler
                0x0000000008000dc4       0x50 CMakeFiles/USART3.elf.dir/Startup/startup_stm32f446retx.s.obj
                0x0000000008000dc4                Reset_Handler
 .text.Default_Handler
                0x0000000008000e14        0x2 CMakeFiles/USART3.elf.dir/Startup/startup_stm32f446retx.s.obj
                0x0000000008000e14                RTC_Alarm_IRQHandler
                0x0000000008000e14                EXTI2_IRQHandler
                0x0000000008000e14                TIM8_CC_IRQHandler
                0x0000000008000e14                FMPI2C1_EV_IRQHandler
                0x0000000008000e14                SPI4_IRQHandler
                0x0000000008000e14                TIM1_CC_IRQHandler
                0x0000000008000e14                DMA2_Stream5_IRQHandler
                0x0000000008000e14                DMA1_Stream5_IRQHandler
                0x0000000008000e14                PVD_IRQHandler
                0x0000000008000e14                SDIO_IRQHandler
                0x0000000008000e14                TAMP_STAMP_IRQHandler
                0x0000000008000e14                CAN2_RX1_IRQHandler
                0x0000000008000e14                EXTI3_IRQHandler
                0x0000000008000e14                TIM8_TRG_COM_TIM14_IRQHandler
                0x0000000008000e14                TIM1_UP_TIM10_IRQHandler
                0x0000000008000e14                TIM8_UP_TIM13_IRQHandler
                0x0000000008000e14                I2C3_ER_IRQHandler
                0x0000000008000e14                EXTI0_IRQHandler
                0x0000000008000e14                I2C2_EV_IRQHandler
                0x0000000008000e14                DMA1_Stream2_IRQHandler
                0x0000000008000e14                CAN1_RX0_IRQHandler
                0x0000000008000e14                FPU_IRQHandler
                0x0000000008000e14                OTG_HS_WKUP_IRQHandler
                0x0000000008000e14                CAN2_SCE_IRQHandler
                0x0000000008000e14                DMA2_Stream2_IRQHandler
                0x0000000008000e14                SPI1_IRQHandler
                0x0000000008000e14                TIM6_DAC_IRQHandler
                0x0000000008000e14                TIM1_BRK_TIM9_IRQHandler
                0x0000000008000e14                DCMI_IRQHandler
                0x0000000008000e14                CAN2_RX0_IRQHandler
                0x0000000008000e14                DMA2_Stream3_IRQHandler
                0x0000000008000e14                SAI2_IRQHandler
                0x0000000008000e14                USART6_IRQHandler
                0x0000000008000e14                USART3_IRQHandler
                0x0000000008000e14                CAN1_RX1_IRQHandler
                0x0000000008000e14                UART5_IRQHandler
                0x0000000008000e14                DMA2_Stream0_IRQHandler
                0x0000000008000e14                TIM4_IRQHandler
                0x0000000008000e14                QUADSPI_IRQHandler
                0x0000000008000e14                I2C1_EV_IRQHandler
                0x0000000008000e14                DMA1_Stream6_IRQHandler
                0x0000000008000e14                DMA1_Stream1_IRQHandler
                0x0000000008000e14                UART4_IRQHandler
                0x0000000008000e14                TIM3_IRQHandler
                0x0000000008000e14                RCC_IRQHandler
                0x0000000008000e14                TIM8_BRK_TIM12_IRQHandler
                0x0000000008000e14                Default_Handler
                0x0000000008000e14                CEC_IRQHandler
                0x0000000008000e14                EXTI15_10_IRQHandler
                0x0000000008000e14                ADC_IRQHandler
                0x0000000008000e14                DMA1_Stream7_IRQHandler
                0x0000000008000e14                TIM7_IRQHandler
                0x0000000008000e14                CAN2_TX_IRQHandler
                0x0000000008000e14                TIM5_IRQHandler
                0x0000000008000e14                DMA2_Stream7_IRQHandler
                0x0000000008000e14                I2C3_EV_IRQHandler
                0x0000000008000e14                EXTI9_5_IRQHandler
                0x0000000008000e14                RTC_WKUP_IRQHandler
                0x0000000008000e14                SPDIF_RX_IRQHandler
                0x0000000008000e14                SPI2_IRQHandler
                0x0000000008000e14                OTG_HS_EP1_IN_IRQHandler
                0x0000000008000e14                DMA1_Stream0_IRQHandler
                0x0000000008000e14                CAN1_TX_IRQHandler
                0x0000000008000e14                FMPI2C1_ER_IRQHandler
                0x0000000008000e14                EXTI4_IRQHandler
                0x0000000008000e14                OTG_HS_EP1_OUT_IRQHandler
                0x0000000008000e14                WWDG_IRQHandler
                0x0000000008000e14                TIM2_IRQHandler
                0x0000000008000e14                OTG_FS_WKUP_IRQHandler
                0x0000000008000e14                TIM1_TRG_COM_TIM11_IRQHandler
                0x0000000008000e14                OTG_HS_IRQHandler
                0x0000000008000e14                EXTI1_IRQHandler
                0x0000000008000e14                USART2_IRQHandler
                0x0000000008000e14                I2C2_ER_IRQHandler
                0x0000000008000e14                DMA2_Stream1_IRQHandler
                0x0000000008000e14                CAN1_SCE_IRQHandler
                0x0000000008000e14                FLASH_IRQHandler
                0x0000000008000e14                DMA2_Stream4_IRQHandler
                0x0000000008000e14                USART1_IRQHandler
                0x0000000008000e14                OTG_FS_IRQHandler
                0x0000000008000e14                SPI3_IRQHandler
                0x0000000008000e14                DMA1_Stream4_IRQHandler
                0x0000000008000e14                I2C1_ER_IRQHandler
                0x0000000008000e14                FMC_IRQHandler
                0x0000000008000e14                DMA2_Stream6_IRQHandler
                0x0000000008000e14                SAI1_IRQHandler
                0x0000000008000e14                DMA1_Stream3_IRQHandler
 *fill*         0x0000000008000e16        0x2 
 .text.USART_read
                0x0000000008000e18       0x18 CMakeFiles/USART3.elf.dir/src/davesusart.c.obj
                0x0000000008000e18                USART_read
 .text.USART_write
                0x0000000008000e30       0x18 CMakeFiles/USART3.elf.dir/src/davesusart.c.obj
                0x0000000008000e30                USART_write
 .text.USART_write_string
                0x0000000008000e48       0x1c CMakeFiles/USART3.elf.dir/src/davesusart.c.obj
                0x0000000008000e48                USART_write_string
 .text.RCC_init
                0x0000000008000e64       0x18 CMakeFiles/USART3.elf.dir/src/init.c.obj
                0x0000000008000e64                RCC_init
 .text.GPIO_init
                0x0000000008000e7c       0x28 CMakeFiles/USART3.elf.dir/src/init.c.obj
                0x0000000008000e7c                GPIO_init
 .text.USART_init
                0x0000000008000ea4       0x20 CMakeFiles/USART3.elf.dir/src/init.c.obj
                0x0000000008000ea4                USART_init
 .text.statusLED
                0x0000000008000ec4       0x28 CMakeFiles/USART3.elf.dir/src/led.c.obj
                0x0000000008000ec4                statusLED
 .text.placeLED
                0x0000000008000eec       0x16 CMakeFiles/USART3.elf.dir/src/led.c.obj
                0x0000000008000eec                placeLED
 *fill*         0x0000000008000f02        0x2 
 .text.main     0x0000000008000f04      0x1e8 CMakeFiles/USART3.elf.dir/src/main.c.obj
                0x0000000008000f04                main
 .text.printMenu
                0x00000000080010ec        0x8 CMakeFiles/USART3.elf.dir/src/menu.c.obj
                0x00000000080010ec                printMenu
 .text.CLEARDISPLAY
                0x00000000080010f4        0x8 CMakeFiles/USART3.elf.dir/src/menu.c.obj
                0x00000000080010f4                CLEARDISPLAY
 .text.APPHELP  0x00000000080010fc        0x8 CMakeFiles/USART3.elf.dir/src/menu.c.obj
                0x00000000080010fc                APPHELP
 .text.NMI_Handler
                0x0000000008001104        0x2 CMakeFiles/USART3.elf.dir/src/stm32f4xx_it.c.obj
                0x0000000008001104                NMI_Handler
 .text.HardFault_Handler
                0x0000000008001106        0x2 CMakeFiles/USART3.elf.dir/src/stm32f4xx_it.c.obj
                0x0000000008001106                HardFault_Handler
 .text.MemManage_Handler
                0x0000000008001108        0x2 CMakeFiles/USART3.elf.dir/src/stm32f4xx_it.c.obj
                0x0000000008001108                MemManage_Handler
 .text.BusFault_Handler
                0x000000000800110a        0x2 CMakeFiles/USART3.elf.dir/src/stm32f4xx_it.c.obj
                0x000000000800110a                BusFault_Handler
 .text.UsageFault_Handler
                0x000000000800110c        0x2 CMakeFiles/USART3.elf.dir/src/stm32f4xx_it.c.obj
                0x000000000800110c                UsageFault_Handler
 .text.SVC_Handler
                0x000000000800110e        0x2 CMakeFiles/USART3.elf.dir/src/stm32f4xx_it.c.obj
                0x000000000800110e                SVC_Handler
 .text.DebugMon_Handler
                0x0000000008001110        0x2 CMakeFiles/USART3.elf.dir/src/stm32f4xx_it.c.obj
                0x0000000008001110                DebugMon_Handler
 .text.PendSV_Handler
                0x0000000008001112        0x2 CMakeFiles/USART3.elf.dir/src/stm32f4xx_it.c.obj
                0x0000000008001112                PendSV_Handler
 .text.SysTick_Handler
                0x0000000008001114        0x8 CMakeFiles/USART3.elf.dir/src/stm32f4xx_it.c.obj
                0x0000000008001114                SysTick_Handler
 .text._sbrk    0x000000000800111c       0x48 CMakeFiles/USART3.elf.dir/src/sysmem.c.obj
                0x000000000800111c                _sbrk
 .text.SystemInit
                0x0000000008001164        0x2 CMakeFiles/USART3.elf.dir/src/system_stm32f4xx.c.obj
                0x0000000008001164                SystemInit
 *fill*         0x0000000008001166        0x2 
 .text.startup  0x0000000008001168       0x14 /usr/lib/gcc/arm-none-eabi/6.3.1/../../../arm-none-eabi/lib/thumb/v7e-m/libg.a(lib_a-__call_atexit.o)
 *(.glue_7)
 .glue_7        0x000000000800117c        0x0 linker stubs
 *(.glue_7t)
 .glue_7t       0x000000000800117c        0x0 linker stubs
 *(.eh_frame)
 .eh_frame      0x000000000800117c        0x0 /usr/lib/gcc/arm-none-eabi/6.3.1/thumb/v7e-m/crtbegin.o
 *(.init)
 .init          0x000000000800117c        0x4 /usr/lib/gcc/arm-none-eabi/6.3.1/thumb/v7e-m/crti.o
                0x000000000800117c                _init
 .init          0x0000000008001180        0x8 /usr/lib/gcc/arm-none-eabi/6.3.1/thumb/v7e-m/crtn.o
 *(.fini)
 .fini          0x0000000008001188        0x4 /usr/lib/gcc/arm-none-eabi/6.3.1/thumb/v7e-m/crti.o
                0x0000000008001188                _fini
 .fini          0x000000000800118c        0x8 /usr/lib/gcc/arm-none-eabi/6.3.1/thumb/v7e-m/crtn.o
                0x0000000008001194                . = ALIGN (0x4)
                0x0000000008001194                _etext = .

.vfp11_veneer   0x0000000008001194        0x0
 .vfp11_veneer  0x0000000008001194        0x0 linker stubs

.v4_bx          0x0000000008001194        0x0
 .v4_bx         0x0000000008001194        0x0 linker stubs

.iplt           0x0000000008001194        0x0
 .iplt          0x0000000008001194        0x0 /usr/lib/gcc/arm-none-eabi/6.3.1/thumb/v7e-m/crtbegin.o

.rodata         0x0000000008001194      0x2bc
                0x0000000008001194                . = ALIGN (0x4)
 *(.rodata)
 .rodata        0x0000000008001194        0x4 /usr/lib/gcc/arm-none-eabi/6.3.1/../../../arm-none-eabi/lib/thumb/v7e-m/libg.a(lib_a-impure.o)
                0x0000000008001194                _global_impure_ptr
 *(.rodata*)
 .rodata.main.str1.4
                0x0000000008001198       0x4c CMakeFiles/USART3.elf.dir/src/main.c.obj
                                         0x50 (size before relaxing)
 .rodata.APPHELP.str1.4
                0x00000000080011e4       0x8b CMakeFiles/USART3.elf.dir/src/menu.c.obj
 *fill*         0x000000000800126f        0x1 
 .rodata.CLEARDISPLAY.str1.4
                0x0000000008001270        0xb CMakeFiles/USART3.elf.dir/src/menu.c.obj
 *fill*         0x000000000800127b        0x1 
 .rodata.printMenu.str1.4
                0x000000000800127c      0x1ce CMakeFiles/USART3.elf.dir/src/menu.c.obj
 *fill*         0x000000000800144a        0x2 
 .rodata.str1.4
                0x000000000800144c        0x4 /usr/lib/gcc/arm-none-eabi/6.3.1/../../../arm-none-eabi/lib/thumb/v7e-m/libg.a(lib_a-impure.o)
                                          0x2 (size before relaxing)
                0x0000000008001450                . = ALIGN (0x4)

.rel.dyn        0x0000000008001450        0x0
 .rel.iplt      0x0000000008001450        0x0 /usr/lib/gcc/arm-none-eabi/6.3.1/thumb/v7e-m/crtbegin.o

.ARM.extab      0x0000000008001450        0x0
                0x0000000008001450                . = ALIGN (0x4)
 *(.ARM.extab* .gnu.linkonce.armextab.*)
                0x0000000008001450                . = ALIGN (0x4)

.ARM            0x0000000008001450        0x0
                0x0000000008001450                . = ALIGN (0x4)
                0x0000000008001450                __exidx_start = .
 *(.ARM.exidx*)
                0x0000000008001450                __exidx_end = .
                0x0000000008001450                . = ALIGN (0x4)

.preinit_array  0x0000000008001450        0x0
                0x0000000008001450                . = ALIGN (0x4)
                0x0000000008001450                PROVIDE (__preinit_array_start, .)
 *(.preinit_array*)
                0x0000000008001450                PROVIDE (__preinit_array_end, .)
                0x0000000008001450                . = ALIGN (0x4)

.init_array     0x0000000008001450        0x8
                0x0000000008001450                . = ALIGN (0x4)
                0x0000000008001450                PROVIDE (__init_array_start, .)
 *(SORT(.init_array.*))
 .init_array.00000
                0x0000000008001450        0x4 /usr/lib/gcc/arm-none-eabi/6.3.1/../../../arm-none-eabi/lib/thumb/v7e-m/libg.a(lib_a-__call_atexit.o)
 *(.init_array*)
 .init_array    0x0000000008001454        0x4 /usr/lib/gcc/arm-none-eabi/6.3.1/thumb/v7e-m/crtbegin.o
                0x0000000008001458                PROVIDE (__init_array_end, .)
                0x0000000008001458                . = ALIGN (0x4)

.fini_array     0x0000000008001458        0x4
                0x0000000008001458                . = ALIGN (0x4)
                0x0000000008001458                PROVIDE (__fini_array_start, .)
 *(SORT(.fini_array.*))
 *(.fini_array*)
 .fini_array    0x0000000008001458        0x4 /usr/lib/gcc/arm-none-eabi/6.3.1/thumb/v7e-m/crtbegin.o
                0x000000000800145c                PROVIDE (__fini_array_end, .)
                0x000000000800145c                . = ALIGN (0x4)
                0x000000000800145c                _sidata = LOADADDR (.data)

.data           0x0000000020000000      0x848 load address 0x000000000800145c
                0x0000000020000000                . = ALIGN (0x4)
                0x0000000020000000                _sdata = .
 *(.data)
 .data          0x0000000020000000      0x430 /usr/lib/gcc/arm-none-eabi/6.3.1/../../../arm-none-eabi/lib/thumb/v7e-m/libg.a(lib_a-impure.o)
                0x0000000020000000                _impure_ptr
 .data          0x0000000020000430      0x410 /usr/lib/gcc/arm-none-eabi/6.3.1/../../../arm-none-eabi/lib/thumb/v7e-m/libg.a(lib_a-mallocr.o)
                0x0000000020000430                __malloc_av_
                0x0000000020000838                __malloc_sbrk_base
                0x000000002000083c                __malloc_trim_threshold
 *(.data*)
 .data.uwTickFreq
                0x0000000020000840        0x1 CMakeFiles/USART3.elf.dir/Drivers/STM32F4xx_HAL_Driver/Src/stm32f4xx_hal.c.obj
                0x0000000020000840                uwTickFreq
 *fill*         0x0000000020000841        0x3 
 .data.APPisOn  0x0000000020000844        0x4 CMakeFiles/USART3.elf.dir/src/main.c.obj
                0x0000000020000844                APPisOn
 *(.RamFunc)
 *(.RamFunc*)
                0x0000000020000848                . = ALIGN (0x4)
                0x0000000020000848                _edata = .

.jcr            0x0000000020000848        0x0 load address 0x0000000008001ca4
 .jcr           0x0000000020000848        0x0 /usr/lib/gcc/arm-none-eabi/6.3.1/thumb/v7e-m/crtbegin.o

.tm_clone_table
                0x0000000020000848        0x0 load address 0x0000000008001ca4
 .tm_clone_table
                0x0000000020000848        0x0 /usr/lib/gcc/arm-none-eabi/6.3.1/thumb/v7e-m/crtbegin.o
 .tm_clone_table
                0x0000000020000848        0x0 /usr/lib/gcc/arm-none-eabi/6.3.1/thumb/v7e-m/crtend.o

.igot.plt       0x0000000020000848        0x0 load address 0x0000000008001ca4
 .igot.plt      0x0000000020000848        0x0 /usr/lib/gcc/arm-none-eabi/6.3.1/thumb/v7e-m/crtbegin.o
                0x0000000020000848                . = ALIGN (0x4)

.bss            0x0000000020000848       0x74 load address 0x0000000008001ca4
                0x0000000020000848                _sbss = .
                0x0000000020000848                __bss_start__ = _sbss
 *(.bss)
 .bss           0x0000000020000848       0x1c /usr/lib/gcc/arm-none-eabi/6.3.1/thumb/v7e-m/crtbegin.o
 .bss           0x0000000020000864       0x34 /usr/lib/gcc/arm-none-eabi/6.3.1/../../../arm-none-eabi/lib/thumb/v7e-m/libg.a(lib_a-mallocr.o)
                0x0000000020000864                __malloc_top_pad
                0x0000000020000868                __malloc_current_mallinfo
                0x0000000020000890                __malloc_max_sbrked_mem
                0x0000000020000894                __malloc_max_total_mem
 *(.bss*)
 .bss.uwTick    0x0000000020000898        0x4 CMakeFiles/USART3.elf.dir/Drivers/STM32F4xx_HAL_Driver/Src/stm32f4xx_hal.c.obj
                0x0000000020000898                uwTick
 .bss.led1      0x000000002000089c        0x8 CMakeFiles/USART3.elf.dir/src/main.c.obj
                0x000000002000089c                led1
 .bss.led2      0x00000000200008a4        0x8 CMakeFiles/USART3.elf.dir/src/main.c.obj
                0x00000000200008a4                led2
 .bss.led3      0x00000000200008ac        0x8 CMakeFiles/USART3.elf.dir/src/main.c.obj
                0x00000000200008ac                led3
 .bss.__sbrk_heap_end
                0x00000000200008b4        0x4 CMakeFiles/USART3.elf.dir/src/sysmem.c.obj
 *(COMMON)
 COMMON         0x00000000200008b8        0x4 /usr/lib/gcc/arm-none-eabi/6.3.1/../../../arm-none-eabi/lib/thumb/v7e-m/libg.a(lib_a-reent.o)
                0x00000000200008b8                errno
                0x00000000200008bc                . = ALIGN (0x4)
                0x00000000200008bc                _ebss = .
                0x00000000200008bc                __bss_end__ = _ebss

._user_heap_stack
                0x00000000200008bc      0x604 load address 0x0000000008001ca4
                0x00000000200008c0                . = ALIGN (0x8)
 *fill*         0x00000000200008bc        0x4 
                [!provide]                        PROVIDE (end, .)
                0x00000000200008c0                PROVIDE (_end, .)
                0x0000000020000ac0                . = (. + _Min_Heap_Size)
 *fill*         0x00000000200008c0      0x200 
                0x0000000020000ec0                . = (. + _Min_Stack_Size)
 *fill*         0x0000000020000ac0      0x400 
                0x0000000020000ec0                . = ALIGN (0x8)

/DISCARD/
 libc.a(*)
 libm.a(*)
 libgcc.a(*)

.ARM.attributes
                0x0000000000000000       0x2a
 *(.ARM.attributes)
 .ARM.attributes
                0x0000000000000000       0x1e /usr/lib/gcc/arm-none-eabi/6.3.1/thumb/v7e-m/crti.o
 .ARM.attributes
                0x000000000000001e       0x2e /usr/lib/gcc/arm-none-eabi/6.3.1/thumb/v7e-m/crtbegin.o
 .ARM.attributes
                0x000000000000004c       0x33 CMakeFiles/USART3.elf.dir/Drivers/STM32F4xx_HAL_Driver/Src/stm32f4xx_hal.c.obj
 .ARM.attributes
                0x000000000000007f       0x21 CMakeFiles/USART3.elf.dir/Startup/startup_stm32f446retx.s.obj
 .ARM.attributes
                0x00000000000000a0       0x33 CMakeFiles/USART3.elf.dir/src/davesusart.c.obj
 .ARM.attributes
                0x00000000000000d3       0x33 CMakeFiles/USART3.elf.dir/src/init.c.obj
 .ARM.attributes
                0x0000000000000106       0x33 CMakeFiles/USART3.elf.dir/src/led.c.obj
 .ARM.attributes
                0x0000000000000139       0x33 CMakeFiles/USART3.elf.dir/src/main.c.obj
 .ARM.attributes
                0x000000000000016c       0x33 CMakeFiles/USART3.elf.dir/src/menu.c.obj
 .ARM.attributes
                0x000000000000019f       0x33 CMakeFiles/USART3.elf.dir/src/stm32f4xx_it.c.obj
 .ARM.attributes
                0x00000000000001d2       0x33 CMakeFiles/USART3.elf.dir/src/sysmem.c.obj
 .ARM.attributes
                0x0000000000000205       0x33 CMakeFiles/USART3.elf.dir/src/system_stm32f4xx.c.obj
 .ARM.attributes
                0x0000000000000238       0x2e /usr/lib/gcc/arm-none-eabi/6.3.1/../../../arm-none-eabi/lib/thumb/v7e-m/libg.a(lib_a-atexit.o)
 .ARM.attributes
                0x0000000000000266       0x2e /usr/lib/gcc/arm-none-eabi/6.3.1/../../../arm-none-eabi/lib/thumb/v7e-m/libg.a(lib_a-errno.o)
 .ARM.attributes
                0x0000000000000294       0x2e /usr/lib/gcc/arm-none-eabi/6.3.1/../../../arm-none-eabi/lib/thumb/v7e-m/libg.a(lib_a-fini.o)
 .ARM.attributes
                0x00000000000002c2       0x2e /usr/lib/gcc/arm-none-eabi/6.3.1/../../../arm-none-eabi/lib/thumb/v7e-m/libg.a(lib_a-impure.o)
 .ARM.attributes
                0x00000000000002f0       0x2e /usr/lib/gcc/arm-none-eabi/6.3.1/../../../arm-none-eabi/lib/thumb/v7e-m/libg.a(lib_a-init.o)
 .ARM.attributes
                0x000000000000031e       0x2e /usr/lib/gcc/arm-none-eabi/6.3.1/../../../arm-none-eabi/lib/thumb/v7e-m/libg.a(lib_a-malloc.o)
 .ARM.attributes
                0x000000000000034c       0x2e /usr/lib/gcc/arm-none-eabi/6.3.1/../../../arm-none-eabi/lib/thumb/v7e-m/libg.a(lib_a-mallocr.o)
 .ARM.attributes
                0x000000000000037a       0x2e /usr/lib/gcc/arm-none-eabi/6.3.1/../../../arm-none-eabi/lib/thumb/v7e-m/libg.a(lib_a-mlock.o)
 .ARM.attributes
                0x00000000000003a8       0x2e /usr/lib/gcc/arm-none-eabi/6.3.1/../../../arm-none-eabi/lib/thumb/v7e-m/libg.a(lib_a-sbrkr.o)
 .ARM.attributes
                0x00000000000003d6       0x2e /usr/lib/gcc/arm-none-eabi/6.3.1/../../../arm-none-eabi/lib/thumb/v7e-m/libg.a(lib_a-strcpy.o)
 .ARM.attributes
                0x0000000000000404       0x1c /usr/lib/gcc/arm-none-eabi/6.3.1/../../../arm-none-eabi/lib/thumb/v7e-m/libg.a(lib_a-strlen.o)
 .ARM.attributes
                0x0000000000000420       0x2e /usr/lib/gcc/arm-none-eabi/6.3.1/../../../arm-none-eabi/lib/thumb/v7e-m/libg.a(lib_a-__atexit.o)
 .ARM.attributes
                0x000000000000044e       0x2e /usr/lib/gcc/arm-none-eabi/6.3.1/../../../arm-none-eabi/lib/thumb/v7e-m/libg.a(lib_a-__call_atexit.o)
 .ARM.attributes
                0x000000000000047c       0x2e /usr/lib/gcc/arm-none-eabi/6.3.1/../../../arm-none-eabi/lib/thumb/v7e-m/libg.a(lib_a-freer.o)
 .ARM.attributes
                0x00000000000004aa       0x2e /usr/lib/gcc/arm-none-eabi/6.3.1/../../../arm-none-eabi/lib/thumb/v7e-m/libg.a(lib_a-reent.o)
 .ARM.attributes
                0x00000000000004d8       0x2e /usr/lib/gcc/arm-none-eabi/6.3.1/thumb/v7e-m/crtend.o
 .ARM.attributes
                0x0000000000000506       0x1e /usr/lib/gcc/arm-none-eabi/6.3.1/thumb/v7e-m/crtn.o
OUTPUT(USART3.elf elf32-littlearm)

.comment        0x0000000000000000       0x31
 .comment       0x0000000000000000       0x31 /usr/lib/gcc/arm-none-eabi/6.3.1/thumb/v7e-m/crtbegin.o
                                         0x32 (size before relaxing)
 .comment       0x0000000000000031       0x32 CMakeFiles/USART3.elf.dir/Drivers/STM32F4xx_HAL_Driver/Src/stm32f4xx_hal.c.obj
 .comment       0x0000000000000031       0x32 CMakeFiles/USART3.elf.dir/src/davesusart.c.obj
 .comment       0x0000000000000031       0x32 CMakeFiles/USART3.elf.dir/src/init.c.obj
 .comment       0x0000000000000031       0x32 CMakeFiles/USART3.elf.dir/src/led.c.obj
 .comment       0x0000000000000031       0x32 CMakeFiles/USART3.elf.dir/src/main.c.obj
 .comment       0x0000000000000031       0x32 CMakeFiles/USART3.elf.dir/src/menu.c.obj
 .comment       0x0000000000000031       0x32 CMakeFiles/USART3.elf.dir/src/stm32f4xx_it.c.obj
 .comment       0x0000000000000031       0x32 CMakeFiles/USART3.elf.dir/src/sysmem.c.obj
 .comment       0x0000000000000031       0x32 CMakeFiles/USART3.elf.dir/src/system_stm32f4xx.c.obj
 .comment       0x0000000000000031       0x32 /usr/lib/gcc/arm-none-eabi/6.3.1/../../../arm-none-eabi/lib/thumb/v7e-m/libg.a(lib_a-atexit.o)
 .comment       0x0000000000000031       0x32 /usr/lib/gcc/arm-none-eabi/6.3.1/../../../arm-none-eabi/lib/thumb/v7e-m/libg.a(lib_a-errno.o)
 .comment       0x0000000000000031       0x32 /usr/lib/gcc/arm-none-eabi/6.3.1/../../../arm-none-eabi/lib/thumb/v7e-m/libg.a(lib_a-fini.o)
 .comment       0x0000000000000031       0x32 /usr/lib/gcc/arm-none-eabi/6.3.1/../../../arm-none-eabi/lib/thumb/v7e-m/libg.a(lib_a-impure.o)
 .comment       0x0000000000000031       0x32 /usr/lib/gcc/arm-none-eabi/6.3.1/../../../arm-none-eabi/lib/thumb/v7e-m/libg.a(lib_a-init.o)
 .comment       0x0000000000000031       0x32 /usr/lib/gcc/arm-none-eabi/6.3.1/../../../arm-none-eabi/lib/thumb/v7e-m/libg.a(lib_a-malloc.o)
 .comment       0x0000000000000031       0x32 /usr/lib/gcc/arm-none-eabi/6.3.1/../../../arm-none-eabi/lib/thumb/v7e-m/libg.a(lib_a-mallocr.o)
 .comment       0x0000000000000031       0x32 /usr/lib/gcc/arm-none-eabi/6.3.1/../../../arm-none-eabi/lib/thumb/v7e-m/libg.a(lib_a-mlock.o)
 .comment       0x0000000000000031       0x32 /usr/lib/gcc/arm-none-eabi/6.3.1/../../../arm-none-eabi/lib/thumb/v7e-m/libg.a(lib_a-sbrkr.o)
 .comment       0x0000000000000031       0x32 /usr/lib/gcc/arm-none-eabi/6.3.1/../../../arm-none-eabi/lib/thumb/v7e-m/libg.a(lib_a-strcpy.o)
 .comment       0x0000000000000031       0x32 /usr/lib/gcc/arm-none-eabi/6.3.1/../../../arm-none-eabi/lib/thumb/v7e-m/libg.a(lib_a-__atexit.o)
 .comment       0x0000000000000031       0x32 /usr/lib/gcc/arm-none-eabi/6.3.1/../../../arm-none-eabi/lib/thumb/v7e-m/libg.a(lib_a-__call_atexit.o)
 .comment       0x0000000000000031       0x32 /usr/lib/gcc/arm-none-eabi/6.3.1/../../../arm-none-eabi/lib/thumb/v7e-m/libg.a(lib_a-freer.o)
 .comment       0x0000000000000031       0x32 /usr/lib/gcc/arm-none-eabi/6.3.1/../../../arm-none-eabi/lib/thumb/v7e-m/libg.a(lib_a-reent.o)
 .comment       0x0000000000000031       0x32 /usr/lib/gcc/arm-none-eabi/6.3.1/thumb/v7e-m/crtend.o

.debug_info     0x0000000000000000     0xb3e8
 .debug_info    0x0000000000000000      0xa3e CMakeFiles/USART3.elf.dir/Drivers/STM32F4xx_HAL_Driver/Src/stm32f4xx_hal.c.obj
 .debug_info    0x0000000000000a3e       0x9a CMakeFiles/USART3.elf.dir/Startup/startup_stm32f446retx.s.obj
 .debug_info    0x0000000000000ad8      0xa83 CMakeFiles/USART3.elf.dir/src/davesusart.c.obj
 .debug_info    0x000000000000155b      0x490 CMakeFiles/USART3.elf.dir/src/init.c.obj
 .debug_info    0x00000000000019eb      0x38f CMakeFiles/USART3.elf.dir/src/led.c.obj
 .debug_info    0x0000000000001d7a      0xe4a CMakeFiles/USART3.elf.dir/src/main.c.obj
 .debug_info    0x0000000000002bc4       0xaf CMakeFiles/USART3.elf.dir/src/menu.c.obj
 .debug_info    0x0000000000002c73       0xec CMakeFiles/USART3.elf.dir/src/stm32f4xx_it.c.obj
 .debug_info    0x0000000000002d5f      0x98e CMakeFiles/USART3.elf.dir/src/sysmem.c.obj
 .debug_info    0x00000000000036ed      0x3e7 CMakeFiles/USART3.elf.dir/src/system_stm32f4xx.c.obj
 .debug_info    0x0000000000003ad4      0x907 /usr/lib/gcc/arm-none-eabi/6.3.1/../../../arm-none-eabi/lib/thumb/v7e-m/libg.a(lib_a-atexit.o)
 .debug_info    0x00000000000043db      0x8cc /usr/lib/gcc/arm-none-eabi/6.3.1/../../../arm-none-eabi/lib/thumb/v7e-m/libg.a(lib_a-errno.o)
 .debug_info    0x0000000000004ca7       0xfa /usr/lib/gcc/arm-none-eabi/6.3.1/../../../arm-none-eabi/lib/thumb/v7e-m/libg.a(lib_a-fini.o)
 .debug_info    0x0000000000004da1      0x8a5 /usr/lib/gcc/arm-none-eabi/6.3.1/../../../arm-none-eabi/lib/thumb/v7e-m/libg.a(lib_a-impure.o)
 .debug_info    0x0000000000005646      0x110 /usr/lib/gcc/arm-none-eabi/6.3.1/../../../arm-none-eabi/lib/thumb/v7e-m/libg.a(lib_a-init.o)
 .debug_info    0x0000000000005756      0x922 /usr/lib/gcc/arm-none-eabi/6.3.1/../../../arm-none-eabi/lib/thumb/v7e-m/libg.a(lib_a-malloc.o)
 .debug_info    0x0000000000006078      0xdf1 /usr/lib/gcc/arm-none-eabi/6.3.1/../../../arm-none-eabi/lib/thumb/v7e-m/libg.a(lib_a-mallocr.o)
 .debug_info    0x0000000000006e69      0x8d8 /usr/lib/gcc/arm-none-eabi/6.3.1/../../../arm-none-eabi/lib/thumb/v7e-m/libg.a(lib_a-mlock.o)
 .debug_info    0x0000000000007741      0x95a /usr/lib/gcc/arm-none-eabi/6.3.1/../../../arm-none-eabi/lib/thumb/v7e-m/libg.a(lib_a-sbrkr.o)
 .debug_info    0x000000000000809b      0x8b8 /usr/lib/gcc/arm-none-eabi/6.3.1/../../../arm-none-eabi/lib/thumb/v7e-m/libg.a(lib_a-strcpy.o)
 .debug_info    0x0000000000008953       0xc8 /usr/lib/gcc/arm-none-eabi/6.3.1/../../../arm-none-eabi/lib/thumb/v7e-m/libg.a(lib_a-strlen.o)
 .debug_info    0x0000000000008a1b      0x950 /usr/lib/gcc/arm-none-eabi/6.3.1/../../../arm-none-eabi/lib/thumb/v7e-m/libg.a(lib_a-__atexit.o)
 .debug_info    0x000000000000936b      0x9bc /usr/lib/gcc/arm-none-eabi/6.3.1/../../../arm-none-eabi/lib/thumb/v7e-m/libg.a(lib_a-__call_atexit.o)
 .debug_info    0x0000000000009d27      0xca9 /usr/lib/gcc/arm-none-eabi/6.3.1/../../../arm-none-eabi/lib/thumb/v7e-m/libg.a(lib_a-freer.o)
 .debug_info    0x000000000000a9d0      0xa18 /usr/lib/gcc/arm-none-eabi/6.3.1/../../../arm-none-eabi/lib/thumb/v7e-m/libg.a(lib_a-reent.o)

.debug_abbrev   0x0000000000000000     0x2782
 .debug_abbrev  0x0000000000000000      0x1e6 CMakeFiles/USART3.elf.dir/Drivers/STM32F4xx_HAL_Driver/Src/stm32f4xx_hal.c.obj
 .debug_abbrev  0x00000000000001e6       0x12 CMakeFiles/USART3.elf.dir/Startup/startup_stm32f446retx.s.obj
 .debug_abbrev  0x00000000000001f8      0x24f CMakeFiles/USART3.elf.dir/src/davesusart.c.obj
 .debug_abbrev  0x0000000000000447       0xdf CMakeFiles/USART3.elf.dir/src/init.c.obj
 .debug_abbrev  0x0000000000000526      0x189 CMakeFiles/USART3.elf.dir/src/led.c.obj
 .debug_abbrev  0x00000000000006af      0x263 CMakeFiles/USART3.elf.dir/src/main.c.obj
 .debug_abbrev  0x0000000000000912       0x6b CMakeFiles/USART3.elf.dir/src/menu.c.obj
 .debug_abbrev  0x000000000000097d       0x83 CMakeFiles/USART3.elf.dir/src/stm32f4xx_it.c.obj
 .debug_abbrev  0x0000000000000a00      0x1fb CMakeFiles/USART3.elf.dir/src/sysmem.c.obj
 .debug_abbrev  0x0000000000000bfb      0x124 CMakeFiles/USART3.elf.dir/src/system_stm32f4xx.c.obj
 .debug_abbrev  0x0000000000000d1f      0x1f6 /usr/lib/gcc/arm-none-eabi/6.3.1/../../../arm-none-eabi/lib/thumb/v7e-m/libg.a(lib_a-atexit.o)
 .debug_abbrev  0x0000000000000f15      0x1a5 /usr/lib/gcc/arm-none-eabi/6.3.1/../../../arm-none-eabi/lib/thumb/v7e-m/libg.a(lib_a-errno.o)
 .debug_abbrev  0x00000000000010ba       0xbd /usr/lib/gcc/arm-none-eabi/6.3.1/../../../arm-none-eabi/lib/thumb/v7e-m/libg.a(lib_a-fini.o)
 .debug_abbrev  0x0000000000001177      0x189 /usr/lib/gcc/arm-none-eabi/6.3.1/../../../arm-none-eabi/lib/thumb/v7e-m/libg.a(lib_a-impure.o)
 .debug_abbrev  0x0000000000001300       0xba /usr/lib/gcc/arm-none-eabi/6.3.1/../../../arm-none-eabi/lib/thumb/v7e-m/libg.a(lib_a-init.o)
 .debug_abbrev  0x00000000000013ba      0x1f6 /usr/lib/gcc/arm-none-eabi/6.3.1/../../../arm-none-eabi/lib/thumb/v7e-m/libg.a(lib_a-malloc.o)
 .debug_abbrev  0x00000000000015b0      0x2c4 /usr/lib/gcc/arm-none-eabi/6.3.1/../../../arm-none-eabi/lib/thumb/v7e-m/libg.a(lib_a-mallocr.o)
 .debug_abbrev  0x0000000000001874      0x1ca /usr/lib/gcc/arm-none-eabi/6.3.1/../../../arm-none-eabi/lib/thumb/v7e-m/libg.a(lib_a-mlock.o)
 .debug_abbrev  0x0000000000001a3e      0x20c /usr/lib/gcc/arm-none-eabi/6.3.1/../../../arm-none-eabi/lib/thumb/v7e-m/libg.a(lib_a-sbrkr.o)
 .debug_abbrev  0x0000000000001c4a      0x1ad /usr/lib/gcc/arm-none-eabi/6.3.1/../../../arm-none-eabi/lib/thumb/v7e-m/libg.a(lib_a-strcpy.o)
 .debug_abbrev  0x0000000000001df7       0x14 /usr/lib/gcc/arm-none-eabi/6.3.1/../../../arm-none-eabi/lib/thumb/v7e-m/libg.a(lib_a-strlen.o)
 .debug_abbrev  0x0000000000001e0b      0x220 /usr/lib/gcc/arm-none-eabi/6.3.1/../../../arm-none-eabi/lib/thumb/v7e-m/libg.a(lib_a-__atexit.o)
 .debug_abbrev  0x000000000000202b      0x270 /usr/lib/gcc/arm-none-eabi/6.3.1/../../../arm-none-eabi/lib/thumb/v7e-m/libg.a(lib_a-__call_atexit.o)
 .debug_abbrev  0x000000000000229b      0x27a /usr/lib/gcc/arm-none-eabi/6.3.1/../../../arm-none-eabi/lib/thumb/v7e-m/libg.a(lib_a-freer.o)
 .debug_abbrev  0x0000000000002515      0x26d /usr/lib/gcc/arm-none-eabi/6.3.1/../../../arm-none-eabi/lib/thumb/v7e-m/libg.a(lib_a-reent.o)

.debug_loc      0x0000000000000000     0x1c13
 .debug_loc     0x0000000000000000      0x10d CMakeFiles/USART3.elf.dir/Drivers/STM32F4xx_HAL_Driver/Src/stm32f4xx_hal.c.obj
 .debug_loc     0x000000000000010d       0x5e CMakeFiles/USART3.elf.dir/src/davesusart.c.obj
 .debug_loc     0x000000000000016b       0x3c CMakeFiles/USART3.elf.dir/src/led.c.obj
 .debug_loc     0x00000000000001a7       0x3c CMakeFiles/USART3.elf.dir/src/main.c.obj
 .debug_loc     0x00000000000001e3       0x4d CMakeFiles/USART3.elf.dir/src/sysmem.c.obj
 .debug_loc     0x0000000000000230      0x13e CMakeFiles/USART3.elf.dir/src/system_stm32f4xx.c.obj
 .debug_loc     0x000000000000036e       0x2c /usr/lib/gcc/arm-none-eabi/6.3.1/../../../arm-none-eabi/lib/thumb/v7e-m/libg.a(lib_a-atexit.o)
 .debug_loc     0x000000000000039a       0x5c /usr/lib/gcc/arm-none-eabi/6.3.1/../../../arm-none-eabi/lib/thumb/v7e-m/libg.a(lib_a-fini.o)
 .debug_loc     0x00000000000003f6       0xae /usr/lib/gcc/arm-none-eabi/6.3.1/../../../arm-none-eabi/lib/thumb/v7e-m/libg.a(lib_a-init.o)
 .debug_loc     0x00000000000004a4       0x58 /usr/lib/gcc/arm-none-eabi/6.3.1/../../../arm-none-eabi/lib/thumb/v7e-m/libg.a(lib_a-malloc.o)
 .debug_loc     0x00000000000004fc      0xcf4 /usr/lib/gcc/arm-none-eabi/6.3.1/../../../arm-none-eabi/lib/thumb/v7e-m/libg.a(lib_a-mallocr.o)
 .debug_loc     0x00000000000011f0       0x4d /usr/lib/gcc/arm-none-eabi/6.3.1/../../../arm-none-eabi/lib/thumb/v7e-m/libg.a(lib_a-sbrkr.o)
 .debug_loc     0x000000000000123d       0x21 /usr/lib/gcc/arm-none-eabi/6.3.1/../../../arm-none-eabi/lib/thumb/v7e-m/libg.a(lib_a-strcpy.o)
 .debug_loc     0x000000000000125e      0x197 /usr/lib/gcc/arm-none-eabi/6.3.1/../../../arm-none-eabi/lib/thumb/v7e-m/libg.a(lib_a-__atexit.o)
 .debug_loc     0x00000000000013f5      0x199 /usr/lib/gcc/arm-none-eabi/6.3.1/../../../arm-none-eabi/lib/thumb/v7e-m/libg.a(lib_a-__call_atexit.o)
 .debug_loc     0x000000000000158e      0x568 /usr/lib/gcc/arm-none-eabi/6.3.1/../../../arm-none-eabi/lib/thumb/v7e-m/libg.a(lib_a-freer.o)
 .debug_loc     0x0000000000001af6      0x11d /usr/lib/gcc/arm-none-eabi/6.3.1/../../../arm-none-eabi/lib/thumb/v7e-m/libg.a(lib_a-reent.o)

.debug_aranges  0x0000000000000000      0x478
 .debug_aranges
                0x0000000000000000       0xf0 CMakeFiles/USART3.elf.dir/Drivers/STM32F4xx_HAL_Driver/Src/stm32f4xx_hal.c.obj
 .debug_aranges
                0x00000000000000f0       0x28 CMakeFiles/USART3.elf.dir/Startup/startup_stm32f446retx.s.obj
 .debug_aranges
                0x0000000000000118       0x30 CMakeFiles/USART3.elf.dir/src/davesusart.c.obj
 .debug_aranges
                0x0000000000000148       0x30 CMakeFiles/USART3.elf.dir/src/init.c.obj
 .debug_aranges
                0x0000000000000178       0x28 CMakeFiles/USART3.elf.dir/src/led.c.obj
 .debug_aranges
                0x00000000000001a0       0x20 CMakeFiles/USART3.elf.dir/src/main.c.obj
 .debug_aranges
                0x00000000000001c0       0x30 CMakeFiles/USART3.elf.dir/src/menu.c.obj
 .debug_aranges
                0x00000000000001f0       0x60 CMakeFiles/USART3.elf.dir/src/stm32f4xx_it.c.obj
 .debug_aranges
                0x0000000000000250       0x20 CMakeFiles/USART3.elf.dir/src/sysmem.c.obj
 .debug_aranges
                0x0000000000000270       0x28 CMakeFiles/USART3.elf.dir/src/system_stm32f4xx.c.obj
 .debug_aranges
                0x0000000000000298       0x20 /usr/lib/gcc/arm-none-eabi/6.3.1/../../../arm-none-eabi/lib/thumb/v7e-m/libg.a(lib_a-atexit.o)
 .debug_aranges
                0x00000000000002b8       0x20 /usr/lib/gcc/arm-none-eabi/6.3.1/../../../arm-none-eabi/lib/thumb/v7e-m/libg.a(lib_a-errno.o)
 .debug_aranges
                0x00000000000002d8       0x20 /usr/lib/gcc/arm-none-eabi/6.3.1/../../../arm-none-eabi/lib/thumb/v7e-m/libg.a(lib_a-fini.o)
 .debug_aranges
                0x00000000000002f8       0x18 /usr/lib/gcc/arm-none-eabi/6.3.1/../../../arm-none-eabi/lib/thumb/v7e-m/libg.a(lib_a-impure.o)
 .debug_aranges
                0x0000000000000310       0x20 /usr/lib/gcc/arm-none-eabi/6.3.1/../../../arm-none-eabi/lib/thumb/v7e-m/libg.a(lib_a-init.o)
 .debug_aranges
                0x0000000000000330       0x20 /usr/lib/gcc/arm-none-eabi/6.3.1/../../../arm-none-eabi/lib/thumb/v7e-m/libg.a(lib_a-malloc.o)
 .debug_aranges
                0x0000000000000350       0x20 /usr/lib/gcc/arm-none-eabi/6.3.1/../../../arm-none-eabi/lib/thumb/v7e-m/libg.a(lib_a-mallocr.o)
 .debug_aranges
                0x0000000000000370       0x20 /usr/lib/gcc/arm-none-eabi/6.3.1/../../../arm-none-eabi/lib/thumb/v7e-m/libg.a(lib_a-mlock.o)
 .debug_aranges
                0x0000000000000390       0x20 /usr/lib/gcc/arm-none-eabi/6.3.1/../../../arm-none-eabi/lib/thumb/v7e-m/libg.a(lib_a-sbrkr.o)
 .debug_aranges
                0x00000000000003b0       0x20 /usr/lib/gcc/arm-none-eabi/6.3.1/../../../arm-none-eabi/lib/thumb/v7e-m/libg.a(lib_a-strcpy.o)
 .debug_aranges
                0x00000000000003d0       0x20 /usr/lib/gcc/arm-none-eabi/6.3.1/../../../arm-none-eabi/lib/thumb/v7e-m/libg.a(lib_a-strlen.o)
 .debug_aranges
                0x00000000000003f0       0x20 /usr/lib/gcc/arm-none-eabi/6.3.1/../../../arm-none-eabi/lib/thumb/v7e-m/libg.a(lib_a-__atexit.o)
 .debug_aranges
                0x0000000000000410       0x28 /usr/lib/gcc/arm-none-eabi/6.3.1/../../../arm-none-eabi/lib/thumb/v7e-m/libg.a(lib_a-__call_atexit.o)
 .debug_aranges
                0x0000000000000438       0x20 /usr/lib/gcc/arm-none-eabi/6.3.1/../../../arm-none-eabi/lib/thumb/v7e-m/libg.a(lib_a-freer.o)
 .debug_aranges
                0x0000000000000458       0x20 /usr/lib/gcc/arm-none-eabi/6.3.1/../../../arm-none-eabi/lib/thumb/v7e-m/libg.a(lib_a-reent.o)

.debug_ranges   0x0000000000000000      0x2a0
 .debug_ranges  0x0000000000000000       0xe0 CMakeFiles/USART3.elf.dir/Drivers/STM32F4xx_HAL_Driver/Src/stm32f4xx_hal.c.obj
 .debug_ranges  0x00000000000000e0       0x20 CMakeFiles/USART3.elf.dir/Startup/startup_stm32f446retx.s.obj
 .debug_ranges  0x0000000000000100       0x20 CMakeFiles/USART3.elf.dir/src/davesusart.c.obj
 .debug_ranges  0x0000000000000120       0x20 CMakeFiles/USART3.elf.dir/src/init.c.obj
 .debug_ranges  0x0000000000000140       0x18 CMakeFiles/USART3.elf.dir/src/led.c.obj
 .debug_ranges  0x0000000000000158       0x28 CMakeFiles/USART3.elf.dir/src/main.c.obj
 .debug_ranges  0x0000000000000180       0x20 CMakeFiles/USART3.elf.dir/src/menu.c.obj
 .debug_ranges  0x00000000000001a0       0x50 CMakeFiles/USART3.elf.dir/src/stm32f4xx_it.c.obj
 .debug_ranges  0x00000000000001f0       0x10 CMakeFiles/USART3.elf.dir/src/sysmem.c.obj
 .debug_ranges  0x0000000000000200       0x18 CMakeFiles/USART3.elf.dir/src/system_stm32f4xx.c.obj
 .debug_ranges  0x0000000000000218       0x40 /usr/lib/gcc/arm-none-eabi/6.3.1/../../../arm-none-eabi/lib/thumb/v7e-m/libg.a(lib_a-mallocr.o)
 .debug_ranges  0x0000000000000258       0x10 /usr/lib/gcc/arm-none-eabi/6.3.1/../../../arm-none-eabi/lib/thumb/v7e-m/libg.a(lib_a-strcpy.o)
 .debug_ranges  0x0000000000000268       0x38 /usr/lib/gcc/arm-none-eabi/6.3.1/../../../arm-none-eabi/lib/thumb/v7e-m/libg.a(lib_a-__call_atexit.o)

.debug_line     0x0000000000000000     0x278c
 .debug_line    0x0000000000000000      0x414 CMakeFiles/USART3.elf.dir/Drivers/STM32F4xx_HAL_Driver/Src/stm32f4xx_hal.c.obj
 .debug_line    0x0000000000000414       0xa3 CMakeFiles/USART3.elf.dir/Startup/startup_stm32f446retx.s.obj
 .debug_line    0x00000000000004b7      0x27c CMakeFiles/USART3.elf.dir/src/davesusart.c.obj
 .debug_line    0x0000000000000733      0x1eb CMakeFiles/USART3.elf.dir/src/init.c.obj
 .debug_line    0x000000000000091e      0x215 CMakeFiles/USART3.elf.dir/src/led.c.obj
 .debug_line    0x0000000000000b33      0x2f9 CMakeFiles/USART3.elf.dir/src/main.c.obj
 .debug_line    0x0000000000000e2c       0x80 CMakeFiles/USART3.elf.dir/src/menu.c.obj
 .debug_line    0x0000000000000eac       0xe8 CMakeFiles/USART3.elf.dir/src/stm32f4xx_it.c.obj
 .debug_line    0x0000000000000f94      0x121 CMakeFiles/USART3.elf.dir/src/sysmem.c.obj
 .debug_line    0x00000000000010b5      0x1fa CMakeFiles/USART3.elf.dir/src/system_stm32f4xx.c.obj
 .debug_line    0x00000000000012af      0x151 /usr/lib/gcc/arm-none-eabi/6.3.1/../../../arm-none-eabi/lib/thumb/v7e-m/libg.a(lib_a-atexit.o)
 .debug_line    0x0000000000001400      0x104 /usr/lib/gcc/arm-none-eabi/6.3.1/../../../arm-none-eabi/lib/thumb/v7e-m/libg.a(lib_a-errno.o)
 .debug_line    0x0000000000001504       0x9f /usr/lib/gcc/arm-none-eabi/6.3.1/../../../arm-none-eabi/lib/thumb/v7e-m/libg.a(lib_a-fini.o)
 .debug_line    0x00000000000015a3       0xe9 /usr/lib/gcc/arm-none-eabi/6.3.1/../../../arm-none-eabi/lib/thumb/v7e-m/libg.a(lib_a-impure.o)
 .debug_line    0x000000000000168c       0xb8 /usr/lib/gcc/arm-none-eabi/6.3.1/../../../arm-none-eabi/lib/thumb/v7e-m/libg.a(lib_a-init.o)
 .debug_line    0x0000000000001744      0x154 /usr/lib/gcc/arm-none-eabi/6.3.1/../../../arm-none-eabi/lib/thumb/v7e-m/libg.a(lib_a-malloc.o)
 .debug_line    0x0000000000001898      0x391 /usr/lib/gcc/arm-none-eabi/6.3.1/../../../arm-none-eabi/lib/thumb/v7e-m/libg.a(lib_a-mallocr.o)
 .debug_line    0x0000000000001c29       0xf8 /usr/lib/gcc/arm-none-eabi/6.3.1/../../../arm-none-eabi/lib/thumb/v7e-m/libg.a(lib_a-mlock.o)
 .debug_line    0x0000000000001d21      0x15a /usr/lib/gcc/arm-none-eabi/6.3.1/../../../arm-none-eabi/lib/thumb/v7e-m/libg.a(lib_a-sbrkr.o)
 .debug_line    0x0000000000001e7b      0x14d /usr/lib/gcc/arm-none-eabi/6.3.1/../../../arm-none-eabi/lib/thumb/v7e-m/libg.a(lib_a-strcpy.o)
 .debug_line    0x0000000000001fc8       0xac /usr/lib/gcc/arm-none-eabi/6.3.1/../../../arm-none-eabi/lib/thumb/v7e-m/libg.a(lib_a-strlen.o)
 .debug_line    0x0000000000002074      0x184 /usr/lib/gcc/arm-none-eabi/6.3.1/../../../arm-none-eabi/lib/thumb/v7e-m/libg.a(lib_a-__atexit.o)
 .debug_line    0x00000000000021f8      0x1b2 /usr/lib/gcc/arm-none-eabi/6.3.1/../../../arm-none-eabi/lib/thumb/v7e-m/libg.a(lib_a-__call_atexit.o)
 .debug_line    0x00000000000023aa      0x269 /usr/lib/gcc/arm-none-eabi/6.3.1/../../../arm-none-eabi/lib/thumb/v7e-m/libg.a(lib_a-freer.o)
 .debug_line    0x0000000000002613      0x179 /usr/lib/gcc/arm-none-eabi/6.3.1/../../../arm-none-eabi/lib/thumb/v7e-m/libg.a(lib_a-reent.o)

.debug_str      0x0000000000000000     0x1c0c
 .debug_str     0x0000000000000000      0xb6b CMakeFiles/USART3.elf.dir/Drivers/STM32F4xx_HAL_Driver/Src/stm32f4xx_hal.c.obj
                                        0xbe7 (size before relaxing)
 .debug_str     0x0000000000000b6b      0x405 CMakeFiles/USART3.elf.dir/src/davesusart.c.obj
                                        0x681 (size before relaxing)
 .debug_str     0x0000000000000f70       0x7e CMakeFiles/USART3.elf.dir/src/init.c.obj
                                        0x3d6 (size before relaxing)
 .debug_str     0x0000000000000fee       0xfb CMakeFiles/USART3.elf.dir/src/led.c.obj
                                        0x35d (size before relaxing)
 .debug_str     0x00000000000010e9       0x66 CMakeFiles/USART3.elf.dir/src/main.c.obj
                                        0x73a (size before relaxing)
 .debug_str     0x000000000000114f       0x47 CMakeFiles/USART3.elf.dir/src/menu.c.obj
                                         0xf7 (size before relaxing)
 .debug_str     0x0000000000001196       0xc6 CMakeFiles/USART3.elf.dir/src/stm32f4xx_it.c.obj
                                        0x16b (size before relaxing)
 .debug_str     0x000000000000125c       0xaf CMakeFiles/USART3.elf.dir/src/sysmem.c.obj
                                        0x5e6 (size before relaxing)
 .debug_str     0x000000000000130b       0x76 CMakeFiles/USART3.elf.dir/src/system_stm32f4xx.c.obj
                                        0x3bb (size before relaxing)
 .debug_str     0x0000000000001381      0x12e /usr/lib/gcc/arm-none-eabi/6.3.1/../../../arm-none-eabi/lib/thumb/v7e-m/libg.a(lib_a-atexit.o)
                                        0x5b2 (size before relaxing)
 .debug_str     0x00000000000014af       0x8c /usr/lib/gcc/arm-none-eabi/6.3.1/../../../arm-none-eabi/lib/thumb/v7e-m/libg.a(lib_a-errno.o)
                                        0x579 (size before relaxing)
 .debug_str     0x000000000000153b       0xc6 /usr/lib/gcc/arm-none-eabi/6.3.1/../../../arm-none-eabi/lib/thumb/v7e-m/libg.a(lib_a-fini.o)
                                        0x1cb (size before relaxing)
 .debug_str     0x0000000000001601       0x99 /usr/lib/gcc/arm-none-eabi/6.3.1/../../../arm-none-eabi/lib/thumb/v7e-m/libg.a(lib_a-impure.o)
                                        0x567 (size before relaxing)
 .debug_str     0x000000000000169a       0x8d /usr/lib/gcc/arm-none-eabi/6.3.1/../../../arm-none-eabi/lib/thumb/v7e-m/libg.a(lib_a-init.o)
                                        0x1f5 (size before relaxing)
 .debug_str     0x0000000000001727       0x4f /usr/lib/gcc/arm-none-eabi/6.3.1/../../../arm-none-eabi/lib/thumb/v7e-m/libg.a(lib_a-malloc.o)
                                        0x598 (size before relaxing)
 .debug_str     0x0000000000001776      0x240 /usr/lib/gcc/arm-none-eabi/6.3.1/../../../arm-none-eabi/lib/thumb/v7e-m/libg.a(lib_a-mallocr.o)
                                        0x7cf (size before relaxing)
 .debug_str     0x00000000000019b6       0x45 /usr/lib/gcc/arm-none-eabi/6.3.1/../../../arm-none-eabi/lib/thumb/v7e-m/libg.a(lib_a-mlock.o)
                                        0x58f (size before relaxing)
 .debug_str     0x00000000000019fb       0x2f /usr/lib/gcc/arm-none-eabi/6.3.1/../../../arm-none-eabi/lib/thumb/v7e-m/libg.a(lib_a-sbrkr.o)
                                        0x5aa (size before relaxing)
 .debug_str     0x0000000000001a2a       0x9c /usr/lib/gcc/arm-none-eabi/6.3.1/../../../arm-none-eabi/lib/thumb/v7e-m/libg.a(lib_a-strcpy.o)
                                        0x571 (size before relaxing)
 .debug_str     0x0000000000001ac6       0x41 /usr/lib/gcc/arm-none-eabi/6.3.1/../../../arm-none-eabi/lib/thumb/v7e-m/libg.a(lib_a-__atexit.o)
                                        0x5cc (size before relaxing)
 .debug_str     0x0000000000001b07       0x76 /usr/lib/gcc/arm-none-eabi/6.3.1/../../../arm-none-eabi/lib/thumb/v7e-m/libg.a(lib_a-__call_atexit.o)
                                        0x5dd (size before relaxing)
 .debug_str     0x0000000000001b7d       0x34 /usr/lib/gcc/arm-none-eabi/6.3.1/../../../arm-none-eabi/lib/thumb/v7e-m/libg.a(lib_a-freer.o)
                                        0x748 (size before relaxing)
 .debug_str     0x0000000000001bb1       0x5b /usr/lib/gcc/arm-none-eabi/6.3.1/../../../arm-none-eabi/lib/thumb/v7e-m/libg.a(lib_a-reent.o)
                                        0x5a3 (size before relaxing)

.debug_frame    0x0000000000000000      0x714
 .debug_frame   0x0000000000000000      0x1ec CMakeFiles/USART3.elf.dir/Drivers/STM32F4xx_HAL_Driver/Src/stm32f4xx_hal.c.obj
 .debug_frame   0x00000000000001ec       0x4c CMakeFiles/USART3.elf.dir/src/davesusart.c.obj
 .debug_frame   0x0000000000000238       0x40 CMakeFiles/USART3.elf.dir/src/init.c.obj
 .debug_frame   0x0000000000000278       0x3c CMakeFiles/USART3.elf.dir/src/led.c.obj
 .debug_frame   0x00000000000002b4       0x2c CMakeFiles/USART3.elf.dir/src/main.c.obj
 .debug_frame   0x00000000000002e0       0x40 CMakeFiles/USART3.elf.dir/src/menu.c.obj
 .debug_frame   0x0000000000000320       0xa8 CMakeFiles/USART3.elf.dir/src/stm32f4xx_it.c.obj
 .debug_frame   0x00000000000003c8       0x28 CMakeFiles/USART3.elf.dir/src/sysmem.c.obj
 .debug_frame   0x00000000000003f0       0x30 CMakeFiles/USART3.elf.dir/src/system_stm32f4xx.c.obj
 .debug_frame   0x0000000000000420       0x20 /usr/lib/gcc/arm-none-eabi/6.3.1/../../../arm-none-eabi/lib/thumb/v7e-m/libg.a(lib_a-atexit.o)
 .debug_frame   0x0000000000000440       0x20 /usr/lib/gcc/arm-none-eabi/6.3.1/../../../arm-none-eabi/lib/thumb/v7e-m/libg.a(lib_a-errno.o)
 .debug_frame   0x0000000000000460       0x34 /usr/lib/gcc/arm-none-eabi/6.3.1/../../../arm-none-eabi/lib/thumb/v7e-m/libg.a(lib_a-fini.o)
 .debug_frame   0x0000000000000494       0x2c /usr/lib/gcc/arm-none-eabi/6.3.1/../../../arm-none-eabi/lib/thumb/v7e-m/libg.a(lib_a-init.o)
 .debug_frame   0x00000000000004c0       0x30 /usr/lib/gcc/arm-none-eabi/6.3.1/../../../arm-none-eabi/lib/thumb/v7e-m/libg.a(lib_a-malloc.o)
 .debug_frame   0x00000000000004f0       0x58 /usr/lib/gcc/arm-none-eabi/6.3.1/../../../arm-none-eabi/lib/thumb/v7e-m/libg.a(lib_a-mallocr.o)
 .debug_frame   0x0000000000000548       0x30 /usr/lib/gcc/arm-none-eabi/6.3.1/../../../arm-none-eabi/lib/thumb/v7e-m/libg.a(lib_a-mlock.o)
 .debug_frame   0x0000000000000578       0x2c /usr/lib/gcc/arm-none-eabi/6.3.1/../../../arm-none-eabi/lib/thumb/v7e-m/libg.a(lib_a-sbrkr.o)
 .debug_frame   0x00000000000005a4       0x20 /usr/lib/gcc/arm-none-eabi/6.3.1/../../../arm-none-eabi/lib/thumb/v7e-m/libg.a(lib_a-strcpy.o)
 .debug_frame   0x00000000000005c4       0x34 /usr/lib/gcc/arm-none-eabi/6.3.1/../../../arm-none-eabi/lib/thumb/v7e-m/libg.a(lib_a-__atexit.o)
 .debug_frame   0x00000000000005f8       0x50 /usr/lib/gcc/arm-none-eabi/6.3.1/../../../arm-none-eabi/lib/thumb/v7e-m/libg.a(lib_a-__call_atexit.o)
 .debug_frame   0x0000000000000648       0x74 /usr/lib/gcc/arm-none-eabi/6.3.1/../../../arm-none-eabi/lib/thumb/v7e-m/libg.a(lib_a-freer.o)
 .debug_frame   0x00000000000006bc       0x58 /usr/lib/gcc/arm-none-eabi/6.3.1/../../../arm-none-eabi/lib/thumb/v7e-m/libg.a(lib_a-reent.o)
