Archive member included to satisfy reference by file (symbol)

/usr/lib/gcc/arm-none-eabi/6.3.1/thumb/v7e-m/libgcc.a(_aeabi_uldivmod.o)
                              CMakeFiles/USART3.elf.dir/Drivers/STM32F4xx_HAL_Driver/Src/stm32f4xx_hal_rcc.c.obj (__aeabi_uldivmod)
/usr/lib/gcc/arm-none-eabi/6.3.1/thumb/v7e-m/libgcc.a(_udivmoddi4.o)
                              /usr/lib/gcc/arm-none-eabi/6.3.1/thumb/v7e-m/libgcc.a(_aeabi_uldivmod.o) (__udivmoddi4)
/usr/lib/gcc/arm-none-eabi/6.3.1/thumb/v7e-m/libgcc.a(_dvmd_tls.o)
                              /usr/lib/gcc/arm-none-eabi/6.3.1/thumb/v7e-m/libgcc.a(_aeabi_uldivmod.o) (__aeabi_ldiv0)
/usr/lib/gcc/arm-none-eabi/6.3.1/../../../arm-none-eabi/lib/thumb/v7e-m/libg.a(lib_a-atexit.o)
                              /usr/lib/gcc/arm-none-eabi/6.3.1/../../../arm-none-eabi/lib/thumb/v7e-m/crt0.o (atexit)
/usr/lib/gcc/arm-none-eabi/6.3.1/../../../arm-none-eabi/lib/thumb/v7e-m/libg.a(lib_a-errno.o)
                              CMakeFiles/USART3.elf.dir/src/syscalls.c.obj (__errno)
/usr/lib/gcc/arm-none-eabi/6.3.1/../../../arm-none-eabi/lib/thumb/v7e-m/libg.a(lib_a-exit.o)
                              /usr/lib/gcc/arm-none-eabi/6.3.1/../../../arm-none-eabi/lib/thumb/v7e-m/crt0.o (exit)
/usr/lib/gcc/arm-none-eabi/6.3.1/../../../arm-none-eabi/lib/thumb/v7e-m/libg.a(lib_a-fini.o)
                              /usr/lib/gcc/arm-none-eabi/6.3.1/../../../arm-none-eabi/lib/thumb/v7e-m/crt0.o (__libc_fini_array)
/usr/lib/gcc/arm-none-eabi/6.3.1/../../../arm-none-eabi/lib/thumb/v7e-m/libg.a(lib_a-impure.o)
                              /usr/lib/gcc/arm-none-eabi/6.3.1/../../../arm-none-eabi/lib/thumb/v7e-m/libg.a(lib_a-exit.o) (_global_impure_ptr)
/usr/lib/gcc/arm-none-eabi/6.3.1/../../../arm-none-eabi/lib/thumb/v7e-m/libg.a(lib_a-init.o)
                              /usr/lib/gcc/arm-none-eabi/6.3.1/../../../arm-none-eabi/lib/thumb/v7e-m/crt0.o (__libc_init_array)
/usr/lib/gcc/arm-none-eabi/6.3.1/../../../arm-none-eabi/lib/thumb/v7e-m/libg.a(lib_a-malloc.o)
                              CMakeFiles/USART3.elf.dir/src/main.c.obj (malloc)
/usr/lib/gcc/arm-none-eabi/6.3.1/../../../arm-none-eabi/lib/thumb/v7e-m/libg.a(lib_a-mallocr.o)
                              /usr/lib/gcc/arm-none-eabi/6.3.1/../../../arm-none-eabi/lib/thumb/v7e-m/libg.a(lib_a-malloc.o) (_malloc_r)
/usr/lib/gcc/arm-none-eabi/6.3.1/../../../arm-none-eabi/lib/thumb/v7e-m/libg.a(lib_a-memset.o)
                              /usr/lib/gcc/arm-none-eabi/6.3.1/../../../arm-none-eabi/lib/thumb/v7e-m/crt0.o (memset)
/usr/lib/gcc/arm-none-eabi/6.3.1/../../../arm-none-eabi/lib/thumb/v7e-m/libg.a(lib_a-mlock.o)
                              /usr/lib/gcc/arm-none-eabi/6.3.1/../../../arm-none-eabi/lib/thumb/v7e-m/libg.a(lib_a-mallocr.o) (__malloc_lock)
/usr/lib/gcc/arm-none-eabi/6.3.1/../../../arm-none-eabi/lib/thumb/v7e-m/libg.a(lib_a-sbrkr.o)
                              /usr/lib/gcc/arm-none-eabi/6.3.1/../../../arm-none-eabi/lib/thumb/v7e-m/libg.a(lib_a-mallocr.o) (_sbrk_r)
/usr/lib/gcc/arm-none-eabi/6.3.1/../../../arm-none-eabi/lib/thumb/v7e-m/libg.a(lib_a-__atexit.o)
                              /usr/lib/gcc/arm-none-eabi/6.3.1/../../../arm-none-eabi/lib/thumb/v7e-m/libg.a(lib_a-atexit.o) (__register_exitproc)
/usr/lib/gcc/arm-none-eabi/6.3.1/../../../arm-none-eabi/lib/thumb/v7e-m/libg.a(lib_a-__call_atexit.o)
                              /usr/lib/gcc/arm-none-eabi/6.3.1/../../../arm-none-eabi/lib/thumb/v7e-m/libg.a(lib_a-exit.o) (__call_exitprocs)
/usr/lib/gcc/arm-none-eabi/6.3.1/../../../arm-none-eabi/lib/thumb/v7e-m/libg.a(lib_a-freer.o)
                              /usr/lib/gcc/arm-none-eabi/6.3.1/../../../arm-none-eabi/lib/thumb/v7e-m/libg.a(lib_a-malloc.o) (_free_r)
/usr/lib/gcc/arm-none-eabi/6.3.1/../../../arm-none-eabi/lib/thumb/v7e-m/libg.a(lib_a-reent.o)
                              /usr/lib/gcc/arm-none-eabi/6.3.1/../../../arm-none-eabi/lib/thumb/v7e-m/libg.a(lib_a-sbrkr.o) (errno)

Allocating common symbols
Common symbol       size              file

errno               0x4               /usr/lib/gcc/arm-none-eabi/6.3.1/../../../arm-none-eabi/lib/thumb/v7e-m/libg.a(lib_a-reent.o)

Discarded input sections

 .text          0x0000000000000000        0x0 /usr/lib/gcc/arm-none-eabi/6.3.1/thumb/v7e-m/crti.o
 .data          0x0000000000000000        0x0 /usr/lib/gcc/arm-none-eabi/6.3.1/thumb/v7e-m/crti.o
 .bss           0x0000000000000000        0x0 /usr/lib/gcc/arm-none-eabi/6.3.1/thumb/v7e-m/crti.o
 .data          0x0000000000000000        0x4 /usr/lib/gcc/arm-none-eabi/6.3.1/thumb/v7e-m/crtbegin.o
 .text          0x0000000000000000       0x68 /usr/lib/gcc/arm-none-eabi/6.3.1/../../../arm-none-eabi/lib/thumb/v7e-m/crt0.o
 .data          0x0000000000000000        0x0 /usr/lib/gcc/arm-none-eabi/6.3.1/../../../arm-none-eabi/lib/thumb/v7e-m/crt0.o
 .bss           0x0000000000000000        0x0 /usr/lib/gcc/arm-none-eabi/6.3.1/../../../arm-none-eabi/lib/thumb/v7e-m/crt0.o
[...]
Memory Configuration

Name             Origin             Length             Attributes
RAM              0x0000000020000000 0x0000000000020000 xrw
FLASH            0x0000000008000000 0x0000000000080000 xr
*default*        0x0000000000000000 0xffffffffffffffff

Linker script and memory map

LOAD /usr/lib/gcc/arm-none-eabi/6.3.1/thumb/v7e-m/crti.o
LOAD /usr/lib/gcc/arm-none-eabi/6.3.1/thumb/v7e-m/crtbegin.o
LOAD /usr/lib/gcc/arm-none-eabi/6.3.1/../../../arm-none-eabi/lib/thumb/v7e-m/crt0.o
LOAD CMakeFiles/USART3.elf.dir/Drivers/STM32F4xx_HAL_Driver/Src/stm32f4xx_hal.c.obj
LOAD CMakeFiles/USART3.elf.dir/Drivers/STM32F4xx_HAL_Driver/Src/stm32f4xx_hal_cortex.c.obj
LOAD CMakeFiles/USART3.elf.dir/Drivers/STM32F4xx_HAL_Driver/Src/stm32f4xx_hal_dma.c.obj
LOAD CMakeFiles/USART3.elf.dir/Drivers/STM32F4xx_HAL_Driver/Src/stm32f4xx_hal_dma_ex.c.obj
LOAD CMakeFiles/USART3.elf.dir/Drivers/STM32F4xx_HAL_Driver/Src/stm32f4xx_hal_exti.c.obj
LOAD CMakeFiles/USART3.elf.dir/Drivers/STM32F4xx_HAL_Driver/Src/stm32f4xx_hal_flash.c.obj
LOAD CMakeFiles/USART3.elf.dir/Drivers/STM32F4xx_HAL_Driver/Src/stm32f4xx_hal_flash_ex.c.obj
LOAD CMakeFiles/USART3.elf.dir/Drivers/STM32F4xx_HAL_Driver/Src/stm32f4xx_hal_flash_ramfunc.c.obj
LOAD CMakeFiles/USART3.elf.dir/Drivers/STM32F4xx_HAL_Driver/Src/stm32f4xx_hal_gpio.c.obj
LOAD CMakeFiles/USART3.elf.dir/Drivers/STM32F4xx_HAL_Driver/Src/stm32f4xx_hal_pwr.c.obj
LOAD CMakeFiles/USART3.elf.dir/Drivers/STM32F4xx_HAL_Driver/Src/stm32f4xx_hal_pwr_ex.c.obj
LOAD CMakeFiles/USART3.elf.dir/Drivers/STM32F4xx_HAL_Driver/Src/stm32f4xx_hal_rcc.c.obj
LOAD CMakeFiles/USART3.elf.dir/Drivers/STM32F4xx_HAL_Driver/Src/stm32f4xx_hal_rcc_ex.c.obj
LOAD CMakeFiles/USART3.elf.dir/Drivers/STM32F4xx_HAL_Driver/Src/stm32f4xx_hal_tim.c.obj
LOAD CMakeFiles/USART3.elf.dir/Drivers/STM32F4xx_HAL_Driver/Src/stm32f4xx_hal_tim_ex.c.obj
LOAD CMakeFiles/USART3.elf.dir/Drivers/STM32F4xx_HAL_Driver/Src/stm32f4xx_hal_uart.c.obj
LOAD CMakeFiles/USART3.elf.dir/Startup/startup_stm32f446retx.s.obj
LOAD CMakeFiles/USART3.elf.dir/src/init.c.obj
LOAD CMakeFiles/USART3.elf.dir/src/main.c.obj
LOAD CMakeFiles/USART3.elf.dir/src/stm32f4xx_hal_msp.c.obj
LOAD CMakeFiles/USART3.elf.dir/src/stm32f4xx_it.c.obj
LOAD CMakeFiles/USART3.elf.dir/src/syscalls.c.obj
LOAD CMakeFiles/USART3.elf.dir/src/sysmem.c.obj
LOAD CMakeFiles/USART3.elf.dir/src/system_stm32f4xx.c.obj
START GROUP
LOAD /usr/lib/gcc/arm-none-eabi/6.3.1/thumb/v7e-m/libgcc.a
LOAD /usr/lib/gcc/arm-none-eabi/6.3.1/../../../arm-none-eabi/lib/thumb/v7e-m/libg.a
LOAD /usr/lib/gcc/arm-none-eabi/6.3.1/../../../arm-none-eabi/lib/thumb/v7e-m/libc.a
END GROUP
LOAD /usr/lib/gcc/arm-none-eabi/6.3.1/thumb/v7e-m/crtend.o
LOAD /usr/lib/gcc/arm-none-eabi/6.3.1/thumb/v7e-m/crtn.o
                0x0000000020020000                _estack = (ORIGIN (RAM) + LENGTH (RAM))
                0x0000000000000200                _Min_Heap_Size = 0x200
                0x0000000000000400                _Min_Stack_Size = 0x400

.isr_vector     0x0000000008000000      0x1c4
                0x0000000008000000                . = ALIGN (0x4)
 *(.isr_vector)
 .isr_vector    0x0000000008000000      0x1c4 CMakeFiles/USART3.elf.dir/Startup/startup_stm32f446retx.s.obj
                0x0000000008000000                g_pfnVectors
                0x00000000080001c4                . = ALIGN (0x4)

.text           0x00000000080001c4      0xd18
                0x00000000080001c4                . = ALIGN (0x4)
 *(.text)
 .text          0x00000000080001c4       0xa4 /usr/lib/gcc/arm-none-eabi/6.3.1/thumb/v7e-m/crtbegin.o
 .text          0x0000000008000268        0xc /usr/lib/gcc/arm-none-eabi/6.3.1/../../../arm-none-eabi/lib/thumb/v7e-m/libg.a(lib_a-atexit.o)
                0x0000000008000268                atexit
 .text          0x0000000008000274        0xc /usr/lib/gcc/arm-none-eabi/6.3.1/../../../arm-none-eabi/lib/thumb/v7e-m/libg.a(lib_a-errno.o)
                0x0000000008000274                __errno
 .text          0x0000000008000280       0x34 /usr/lib/gcc/arm-none-eabi/6.3.1/../../../arm-none-eabi/lib/thumb/v7e-m/libg.a(lib_a-fini.o)
                0x0000000008000280                __libc_fini_array
 .text          0x00000000080002b4       0x50 /usr/lib/gcc/arm-none-eabi/6.3.1/../../../arm-none-eabi/lib/thumb/v7e-m/libg.a(lib_a-init.o)
                0x00000000080002b4                __libc_init_array
 .text          0x0000000008000304       0x20 /usr/lib/gcc/arm-none-eabi/6.3.1/../../../arm-none-eabi/lib/thumb/v7e-m/libg.a(lib_a-malloc.o)
                0x0000000008000304                malloc
                0x0000000008000314                free
 .text          0x0000000008000324      0x554 /usr/lib/gcc/arm-none-eabi/6.3.1/../../../arm-none-eabi/lib/thumb/v7e-m/libg.a(lib_a-mallocr.o)
                0x0000000008000324                _malloc_r
 .text          0x0000000008000878        0x8 /usr/lib/gcc/arm-none-eabi/6.3.1/../../../arm-none-eabi/lib/thumb/v7e-m/libg.a(lib_a-mlock.o)
                0x0000000008000878                __malloc_lock
                0x000000000800087c                __malloc_unlock
 .text          0x0000000008000880       0x24 /usr/lib/gcc/arm-none-eabi/6.3.1/../../../arm-none-eabi/lib/thumb/v7e-m/libg.a(lib_a-sbrkr.o)
                0x0000000008000880                _sbrk_r
 .text          0x00000000080008a4       0xa4 /usr/lib/gcc/arm-none-eabi/6.3.1/../../../arm-none-eabi/lib/thumb/v7e-m/libg.a(lib_a-__atexit.o)
                0x00000000080008a4                __register_exitproc
 .text          0x0000000008000948      0x26c /usr/lib/gcc/arm-none-eabi/6.3.1/../../../arm-none-eabi/lib/thumb/v7e-m/libg.a(lib_a-freer.o)
                0x0000000008000948                _malloc_trim_r
                0x00000000080009e8                _free_r
 *(.text*)
 .text.HAL_IncTick
                0x0000000008000bb4       0x18 CMakeFiles/USART3.elf.dir/Drivers/STM32F4xx_HAL_Driver/Src/stm32f4xx_hal.c.obj
                0x0000000008000bb4                HAL_IncTick
 .text.Reset_Handler
                0x0000000008000bcc       0x50 CMakeFiles/USART3.elf.dir/Startup/startup_stm32f446retx.s.obj
                0x0000000008000bcc                Reset_Handler
 .text.Default_Handler
                0x0000000008000c1c        0x2 CMakeFiles/USART3.elf.dir/Startup/startup_stm32f446retx.s.obj
                0x0000000008000c1c                RTC_Alarm_IRQHandler
                0x0000000008000c1c                EXTI2_IRQHandler
                0x0000000008000c1c                TIM8_CC_IRQHandler
                0x0000000008000c1c                FMPI2C1_EV_IRQHandler
                0x0000000008000c1c                SPI4_IRQHandler
                0x0000000008000c1c                TIM1_CC_IRQHandler
                0x0000000008000c1c                DMA2_Stream5_IRQHandler
                0x0000000008000c1c                DMA1_Stream5_IRQHandler
                0x0000000008000c1c                PVD_IRQHandler
                0x0000000008000c1c                SDIO_IRQHandler
                0x0000000008000c1c                TAMP_STAMP_IRQHandler
                0x0000000008000c1c                CAN2_RX1_IRQHandler
                0x0000000008000c1c                EXTI3_IRQHandler
                0x0000000008000c1c                TIM8_TRG_COM_TIM14_IRQHandler
                0x0000000008000c1c                TIM1_UP_TIM10_IRQHandler
                0x0000000008000c1c                TIM8_UP_TIM13_IRQHandler
                0x0000000008000c1c                I2C3_ER_IRQHandler
                0x0000000008000c1c                EXTI0_IRQHandler
                0x0000000008000c1c                I2C2_EV_IRQHandler
                0x0000000008000c1c                DMA1_Stream2_IRQHandler
                0x0000000008000c1c                CAN1_RX0_IRQHandler
                0x0000000008000c1c                FPU_IRQHandler
                0x0000000008000c1c                OTG_HS_WKUP_IRQHandler
                0x0000000008000c1c                CAN2_SCE_IRQHandler
                0x0000000008000c1c                DMA2_Stream2_IRQHandler
                0x0000000008000c1c                SPI1_IRQHandler
                0x0000000008000c1c                TIM6_DAC_IRQHandler
                0x0000000008000c1c                TIM1_BRK_TIM9_IRQHandler
                0x0000000008000c1c                DCMI_IRQHandler
                0x0000000008000c1c                CAN2_RX0_IRQHandler
                0x0000000008000c1c                DMA2_Stream3_IRQHandler
                0x0000000008000c1c                SAI2_IRQHandler
                0x0000000008000c1c                USART6_IRQHandler
                0x0000000008000c1c                USART3_IRQHandler
                0x0000000008000c1c                CAN1_RX1_IRQHandler
                0x0000000008000c1c                UART5_IRQHandler
                0x0000000008000c1c                DMA2_Stream0_IRQHandler
                0x0000000008000c1c                TIM4_IRQHandler
                0x0000000008000c1c                QUADSPI_IRQHandler
                0x0000000008000c1c                I2C1_EV_IRQHandler
                0x0000000008000c1c                DMA1_Stream6_IRQHandler
                0x0000000008000c1c                DMA1_Stream1_IRQHandler
                0x0000000008000c1c                UART4_IRQHandler
                0x0000000008000c1c                TIM3_IRQHandler
                0x0000000008000c1c                RCC_IRQHandler
                0x0000000008000c1c                TIM8_BRK_TIM12_IRQHandler
                0x0000000008000c1c                Default_Handler
                0x0000000008000c1c                CEC_IRQHandler
                0x0000000008000c1c                EXTI15_10_IRQHandler
                0x0000000008000c1c                ADC_IRQHandler
                0x0000000008000c1c                DMA1_Stream7_IRQHandler
                0x0000000008000c1c                TIM7_IRQHandler
                0x0000000008000c1c                CAN2_TX_IRQHandler
                0x0000000008000c1c                TIM5_IRQHandler
                0x0000000008000c1c                DMA2_Stream7_IRQHandler
                0x0000000008000c1c                I2C3_EV_IRQHandler
                0x0000000008000c1c                EXTI9_5_IRQHandler
                0x0000000008000c1c                RTC_WKUP_IRQHandler
                0x0000000008000c1c                SPDIF_RX_IRQHandler
                0x0000000008000c1c                SPI2_IRQHandler
                0x0000000008000c1c                OTG_HS_EP1_IN_IRQHandler
                0x0000000008000c1c                DMA1_Stream0_IRQHandler
                0x0000000008000c1c                CAN1_TX_IRQHandler
                0x0000000008000c1c                FMPI2C1_ER_IRQHandler
                0x0000000008000c1c                EXTI4_IRQHandler
                0x0000000008000c1c                OTG_HS_EP1_OUT_IRQHandler
                0x0000000008000c1c                WWDG_IRQHandler
                0x0000000008000c1c                TIM2_IRQHandler
                0x0000000008000c1c                OTG_FS_WKUP_IRQHandler
                0x0000000008000c1c                TIM1_TRG_COM_TIM11_IRQHandler
                0x0000000008000c1c                OTG_HS_IRQHandler
                0x0000000008000c1c                EXTI1_IRQHandler
                0x0000000008000c1c                USART2_IRQHandler
                0x0000000008000c1c                I2C2_ER_IRQHandler
                0x0000000008000c1c                DMA2_Stream1_IRQHandler
                0x0000000008000c1c                CAN1_SCE_IRQHandler
                0x0000000008000c1c                FLASH_IRQHandler
                0x0000000008000c1c                DMA2_Stream4_IRQHandler
                0x0000000008000c1c                USART1_IRQHandler
                0x0000000008000c1c                OTG_FS_IRQHandler
                0x0000000008000c1c                SPI3_IRQHandler
                0x0000000008000c1c                DMA1_Stream4_IRQHandler
                0x0000000008000c1c                I2C1_ER_IRQHandler
                0x0000000008000c1c                FMC_IRQHandler
                0x0000000008000c1c                DMA2_Stream6_IRQHandler
                0x0000000008000c1c                SAI1_IRQHandler
                0x0000000008000c1c                DMA1_Stream3_IRQHandler
 *fill*         0x0000000008000c1e        0x2 
 .text.RCC_init
                0x0000000008000c20       0x18 CMakeFiles/USART3.elf.dir/src/init.c.obj
                0x0000000008000c20                RCC_init
 .text.GPIO_init
                0x0000000008000c38       0x28 CMakeFiles/USART3.elf.dir/src/init.c.obj
                0x0000000008000c38                GPIO_init
 .text.USART_init
                0x0000000008000c60       0x20 CMakeFiles/USART3.elf.dir/src/init.c.obj
                0x0000000008000c60                USART_init
 .text.statusLED
                0x0000000008000c80       0x30 CMakeFiles/USART3.elf.dir/src/main.c.obj
                0x0000000008000c80                statusLED
 .text.printMenu
                0x0000000008000cb0        0x8 CMakeFiles/USART3.elf.dir/src/main.c.obj
                0x0000000008000cb0                printMenu
 .text.main     0x0000000008000cb8      0x194 CMakeFiles/USART3.elf.dir/src/main.c.obj
                0x0000000008000cb8                main
 .text.NMI_Handler
                0x0000000008000e4c        0x2 CMakeFiles/USART3.elf.dir/src/stm32f4xx_it.c.obj
                0x0000000008000e4c                NMI_Handler
 .text.HardFault_Handler
                0x0000000008000e4e        0x2 CMakeFiles/USART3.elf.dir/src/stm32f4xx_it.c.obj
                0x0000000008000e4e                HardFault_Handler
 .text.MemManage_Handler
                0x0000000008000e50        0x2 CMakeFiles/USART3.elf.dir/src/stm32f4xx_it.c.obj
                0x0000000008000e50                MemManage_Handler
 .text.BusFault_Handler
                0x0000000008000e52        0x2 CMakeFiles/USART3.elf.dir/src/stm32f4xx_it.c.obj
                0x0000000008000e52                BusFault_Handler
 .text.UsageFault_Handler
                0x0000000008000e54        0x2 CMakeFiles/USART3.elf.dir/src/stm32f4xx_it.c.obj
                0x0000000008000e54                UsageFault_Handler
 .text.SVC_Handler
                0x0000000008000e56        0x2 CMakeFiles/USART3.elf.dir/src/stm32f4xx_it.c.obj
                0x0000000008000e56                SVC_Handler
 .text.DebugMon_Handler
                0x0000000008000e58        0x2 CMakeFiles/USART3.elf.dir/src/stm32f4xx_it.c.obj
                0x0000000008000e58                DebugMon_Handler
 .text.PendSV_Handler
                0x0000000008000e5a        0x2 CMakeFiles/USART3.elf.dir/src/stm32f4xx_it.c.obj
                0x0000000008000e5a                PendSV_Handler
 .text.SysTick_Handler
                0x0000000008000e5c        0x8 CMakeFiles/USART3.elf.dir/src/stm32f4xx_it.c.obj
                0x0000000008000e5c                SysTick_Handler
 .text._sbrk    0x0000000008000e64       0x48 CMakeFiles/USART3.elf.dir/src/sysmem.c.obj
                0x0000000008000e64                _sbrk
 .text.SystemInit
                0x0000000008000eac        0x2 CMakeFiles/USART3.elf.dir/src/system_stm32f4xx.c.obj
                0x0000000008000eac                SystemInit
 *fill*         0x0000000008000eae        0x2 
 .text.startup  0x0000000008000eb0       0x14 /usr/lib/gcc/arm-none-eabi/6.3.1/../../../arm-none-eabi/lib/thumb/v7e-m/libg.a(lib_a-__call_atexit.o)
 *(.glue_7)
 .glue_7        0x0000000008000ec4        0x0 linker stubs
 *(.glue_7t)
 .glue_7t       0x0000000008000ec4        0x0 linker stubs
 *(.eh_frame)
 .eh_frame      0x0000000008000ec4        0x0 /usr/lib/gcc/arm-none-eabi/6.3.1/thumb/v7e-m/crtbegin.o
 *(.init)
 .init          0x0000000008000ec4        0x4 /usr/lib/gcc/arm-none-eabi/6.3.1/thumb/v7e-m/crti.o
                0x0000000008000ec4                _init
 .init          0x0000000008000ec8        0x8 /usr/lib/gcc/arm-none-eabi/6.3.1/thumb/v7e-m/crtn.o
 *(.fini)
 .fini          0x0000000008000ed0        0x4 /usr/lib/gcc/arm-none-eabi/6.3.1/thumb/v7e-m/crti.o
                0x0000000008000ed0                _fini
 .fini          0x0000000008000ed4        0x8 /usr/lib/gcc/arm-none-eabi/6.3.1/thumb/v7e-m/crtn.o
                0x0000000008000edc                . = ALIGN (0x4)
                0x0000000008000edc                _etext = .

.vfp11_veneer   0x0000000008000edc        0x0
 .vfp11_veneer  0x0000000008000edc        0x0 linker stubs

.v4_bx          0x0000000008000edc        0x0
 .v4_bx         0x0000000008000edc        0x0 linker stubs

.iplt           0x0000000008000edc        0x0
 .iplt          0x0000000008000edc        0x0 /usr/lib/gcc/arm-none-eabi/6.3.1/thumb/v7e-m/crtbegin.o

.rodata         0x0000000008000edc      0x238
                0x0000000008000edc                . = ALIGN (0x4)
 *(.rodata)
 .rodata        0x0000000008000edc        0x4 /usr/lib/gcc/arm-none-eabi/6.3.1/../../../arm-none-eabi/lib/thumb/v7e-m/libg.a(lib_a-impure.o)
                0x0000000008000edc                _global_impure_ptr
 *(.rodata*)
 .rodata.main.str1.4
                0x0000000008000ee0       0x4c CMakeFiles/USART3.elf.dir/src/main.c.obj
                                         0x50 (size before relaxing)
 .rodata.printMenu.str1.4
                0x0000000008000f2c      0x14c CMakeFiles/USART3.elf.dir/src/main.c.obj
 .rodata.str1.4
                0x0000000008001078       0x97 CMakeFiles/USART3.elf.dir/src/main.c.obj
 *fill*         0x000000000800110f        0x1 
 .rodata.str1.4
                0x0000000008001110        0x4 /usr/lib/gcc/arm-none-eabi/6.3.1/../../../arm-none-eabi/lib/thumb/v7e-m/libg.a(lib_a-impure.o)
                                          0x2 (size before relaxing)
                0x0000000008001114                . = ALIGN (0x4)

.rel.dyn        0x0000000008001114        0x0
 .rel.iplt      0x0000000008001114        0x0 /usr/lib/gcc/arm-none-eabi/6.3.1/thumb/v7e-m/crtbegin.o

.ARM.extab      0x0000000008001114        0x0
                0x0000000008001114                . = ALIGN (0x4)
 *(.ARM.extab* .gnu.linkonce.armextab.*)
                0x0000000008001114                . = ALIGN (0x4)

.ARM            0x0000000008001114        0x0
                0x0000000008001114                . = ALIGN (0x4)
                0x0000000008001114                __exidx_start = .
 *(.ARM.exidx*)
                0x0000000008001114                __exidx_end = .
                0x0000000008001114                . = ALIGN (0x4)

.preinit_array  0x0000000008001114        0x0
                0x0000000008001114                . = ALIGN (0x4)
                0x0000000008001114                PROVIDE (__preinit_array_start, .)
 *(.preinit_array*)
                0x0000000008001114                PROVIDE (__preinit_array_end, .)
                0x0000000008001114                . = ALIGN (0x4)

.init_array     0x0000000008001114        0x8
                0x0000000008001114                . = ALIGN (0x4)
                0x0000000008001114                PROVIDE (__init_array_start, .)
 *(SORT(.init_array.*))
 .init_array.00000
                0x0000000008001114        0x4 /usr/lib/gcc/arm-none-eabi/6.3.1/../../../arm-none-eabi/lib/thumb/v7e-m/libg.a(lib_a-__call_atexit.o)
 *(.init_array*)
 .init_array    0x0000000008001118        0x4 /usr/lib/gcc/arm-none-eabi/6.3.1/thumb/v7e-m/crtbegin.o
                0x000000000800111c                PROVIDE (__init_array_end, .)
                0x000000000800111c                . = ALIGN (0x4)

.fini_array     0x000000000800111c        0x4
                0x000000000800111c                . = ALIGN (0x4)
                0x000000000800111c                PROVIDE (__fini_array_start, .)
 *(SORT(.fini_array.*))
 *(.fini_array*)
 .fini_array    0x000000000800111c        0x4 /usr/lib/gcc/arm-none-eabi/6.3.1/thumb/v7e-m/crtbegin.o
                0x0000000008001120                PROVIDE (__fini_array_end, .)
                0x0000000008001120                . = ALIGN (0x4)
                0x0000000008001120                _sidata = LOADADDR (.data)

.data           0x0000000020000000      0x84c load address 0x0000000008001120
                0x0000000020000000                . = ALIGN (0x4)
                0x0000000020000000                _sdata = .
 *(.data)
 .data          0x0000000020000000      0x430 /usr/lib/gcc/arm-none-eabi/6.3.1/../../../arm-none-eabi/lib/thumb/v7e-m/libg.a(lib_a-impure.o)
                0x0000000020000000                _impure_ptr
 .data          0x0000000020000430      0x410 /usr/lib/gcc/arm-none-eabi/6.3.1/../../../arm-none-eabi/lib/thumb/v7e-m/libg.a(lib_a-mallocr.o)
                0x0000000020000430                __malloc_av_
                0x0000000020000838                __malloc_sbrk_base
                0x000000002000083c                __malloc_trim_threshold
 *(.data*)
 .data.uwTickFreq
                0x0000000020000840        0x1 CMakeFiles/USART3.elf.dir/Drivers/STM32F4xx_HAL_Driver/Src/stm32f4xx_hal.c.obj
                0x0000000020000840                uwTickFreq
 *fill*         0x0000000020000841        0x3 
 .data.APPHELP  0x0000000020000844        0x4 CMakeFiles/USART3.elf.dir/src/main.c.obj
                0x0000000020000844                APPHELP
 .data.CLEARDISPLAY
                0x0000000020000848        0x4 CMakeFiles/USART3.elf.dir/src/main.c.obj
                0x0000000020000848                CLEARDISPLAY
 *(.RamFunc)
 *(.RamFunc*)
                0x000000002000084c                . = ALIGN (0x4)
                0x000000002000084c                _edata = .

.jcr            0x000000002000084c        0x0 load address 0x000000000800196c
 .jcr           0x000000002000084c        0x0 /usr/lib/gcc/arm-none-eabi/6.3.1/thumb/v7e-m/crtbegin.o

.tm_clone_table
                0x000000002000084c        0x0 load address 0x000000000800196c
 .tm_clone_table
                0x000000002000084c        0x0 /usr/lib/gcc/arm-none-eabi/6.3.1/thumb/v7e-m/crtbegin.o
 .tm_clone_table
                0x000000002000084c        0x0 /usr/lib/gcc/arm-none-eabi/6.3.1/thumb/v7e-m/crtend.o

.igot.plt       0x000000002000084c        0x0 load address 0x000000000800196c
 .igot.plt      0x000000002000084c        0x0 /usr/lib/gcc/arm-none-eabi/6.3.1/thumb/v7e-m/crtbegin.o
                0x000000002000084c                . = ALIGN (0x4)

.bss            0x000000002000084c       0x74 load address 0x000000000800196c
                0x000000002000084c                _sbss = .
                0x000000002000084c                __bss_start__ = _sbss
 *(.bss)
 .bss           0x000000002000084c       0x1c /usr/lib/gcc/arm-none-eabi/6.3.1/thumb/v7e-m/crtbegin.o
 .bss           0x0000000020000868       0x34 /usr/lib/gcc/arm-none-eabi/6.3.1/../../../arm-none-eabi/lib/thumb/v7e-m/libg.a(lib_a-mallocr.o)
                0x0000000020000868                __malloc_top_pad
                0x000000002000086c                __malloc_current_mallinfo
                0x0000000020000894                __malloc_max_sbrked_mem
                0x0000000020000898                __malloc_max_total_mem
 *(.bss*)
 .bss.uwTick    0x000000002000089c        0x4 CMakeFiles/USART3.elf.dir/Drivers/STM32F4xx_HAL_Driver/Src/stm32f4xx_hal.c.obj
                0x000000002000089c                uwTick
 .bss.led1      0x00000000200008a0        0x8 CMakeFiles/USART3.elf.dir/src/main.c.obj
                0x00000000200008a0                led1
 .bss.led2      0x00000000200008a8        0x8 CMakeFiles/USART3.elf.dir/src/main.c.obj
                0x00000000200008a8                led2
 .bss.led3      0x00000000200008b0        0x8 CMakeFiles/USART3.elf.dir/src/main.c.obj
                0x00000000200008b0                led3
 .bss.__sbrk_heap_end
                0x00000000200008b8        0x4 CMakeFiles/USART3.elf.dir/src/sysmem.c.obj
 *(COMMON)
 COMMON         0x00000000200008bc        0x4 /usr/lib/gcc/arm-none-eabi/6.3.1/../../../arm-none-eabi/lib/thumb/v7e-m/libg.a(lib_a-reent.o)
                0x00000000200008bc                errno
                0x00000000200008c0                . = ALIGN (0x4)
                0x00000000200008c0                _ebss = .
                0x00000000200008c0                __bss_end__ = _ebss

._user_heap_stack
                0x00000000200008c0      0x600 load address 0x000000000800196c
                0x00000000200008c0                . = ALIGN (0x8)
                [!provide]                        PROVIDE (end, .)
                0x00000000200008c0                PROVIDE (_end, .)
                0x0000000020000ac0                . = (. + _Min_Heap_Size)
 *fill*         0x00000000200008c0      0x200 
                0x0000000020000ec0                . = (. + _Min_Stack_Size)
 *fill*         0x0000000020000ac0      0x400 
                0x0000000020000ec0                . = ALIGN (0x8)

/DISCARD/
 libc.a(*)
 libm.a(*)
 libgcc.a(*)

.ARM.attributes
                0x0000000000000000       0x2a
 *(.ARM.attributes)
 .ARM.attributes
                0x0000000000000000       0x1e /usr/lib/gcc/arm-none-eabi/6.3.1/thumb/v7e-m/crti.o
 .ARM.attributes
                0x000000000000001e       0x2e /usr/lib/gcc/arm-none-eabi/6.3.1/thumb/v7e-m/crtbegin.o
 .ARM.attributes
                0x000000000000004c       0x33 CMakeFiles/USART3.elf.dir/Drivers/STM32F4xx_HAL_Driver/Src/stm32f4xx_hal.c.obj
 .ARM.attributes
                0x000000000000007f       0x21 CMakeFiles/USART3.elf.dir/Startup/startup_stm32f446retx.s.obj
 .ARM.attributes
                0x00000000000000a0       0x33 CMakeFiles/USART3.elf.dir/src/init.c.obj
 .ARM.attributes
                0x00000000000000d3       0x33 CMakeFiles/USART3.elf.dir/src/main.c.obj
 .ARM.attributes
                0x0000000000000106       0x33 CMakeFiles/USART3.elf.dir/src/stm32f4xx_it.c.obj
 .ARM.attributes
                0x0000000000000139       0x33 CMakeFiles/USART3.elf.dir/src/sysmem.c.obj
 .ARM.attributes
                0x000000000000016c       0x33 CMakeFiles/USART3.elf.dir/src/system_stm32f4xx.c.obj
 .ARM.attributes
                0x000000000000019f       0x2e /usr/lib/gcc/arm-none-eabi/6.3.1/../../../arm-none-eabi/lib/thumb/v7e-m/libg.a(lib_a-atexit.o)
 .ARM.attributes
                0x00000000000001cd       0x2e /usr/lib/gcc/arm-none-eabi/6.3.1/../../../arm-none-eabi/lib/thumb/v7e-m/libg.a(lib_a-errno.o)
 .ARM.attributes
                0x00000000000001fb       0x2e /usr/lib/gcc/arm-none-eabi/6.3.1/../../../arm-none-eabi/lib/thumb/v7e-m/libg.a(lib_a-fini.o)
 .ARM.attributes
                0x0000000000000229       0x2e /usr/lib/gcc/arm-none-eabi/6.3.1/../../../arm-none-eabi/lib/thumb/v7e-m/libg.a(lib_a-impure.o)
 .ARM.attributes
                0x0000000000000257       0x2e /usr/lib/gcc/arm-none-eabi/6.3.1/../../../arm-none-eabi/lib/thumb/v7e-m/libg.a(lib_a-init.o)
 .ARM.attributes
                0x0000000000000285       0x2e /usr/lib/gcc/arm-none-eabi/6.3.1/../../../arm-none-eabi/lib/thumb/v7e-m/libg.a(lib_a-malloc.o)
 .ARM.attributes
                0x00000000000002b3       0x2e /usr/lib/gcc/arm-none-eabi/6.3.1/../../../arm-none-eabi/lib/thumb/v7e-m/libg.a(lib_a-mallocr.o)
 .ARM.attributes
                0x00000000000002e1       0x2e /usr/lib/gcc/arm-none-eabi/6.3.1/../../../arm-none-eabi/lib/thumb/v7e-m/libg.a(lib_a-mlock.o)
 .ARM.attributes
                0x000000000000030f       0x2e /usr/lib/gcc/arm-none-eabi/6.3.1/../../../arm-none-eabi/lib/thumb/v7e-m/libg.a(lib_a-sbrkr.o)
 .ARM.attributes
                0x000000000000033d       0x2e /usr/lib/gcc/arm-none-eabi/6.3.1/../../../arm-none-eabi/lib/thumb/v7e-m/libg.a(lib_a-__atexit.o)
 .ARM.attributes
                0x000000000000036b       0x2e /usr/lib/gcc/arm-none-eabi/6.3.1/../../../arm-none-eabi/lib/thumb/v7e-m/libg.a(lib_a-__call_atexit.o)
 .ARM.attributes
                0x0000000000000399       0x2e /usr/lib/gcc/arm-none-eabi/6.3.1/../../../arm-none-eabi/lib/thumb/v7e-m/libg.a(lib_a-freer.o)
 .ARM.attributes
                0x00000000000003c7       0x2e /usr/lib/gcc/arm-none-eabi/6.3.1/../../../arm-none-eabi/lib/thumb/v7e-m/libg.a(lib_a-reent.o)
 .ARM.attributes
                0x00000000000003f5       0x2e /usr/lib/gcc/arm-none-eabi/6.3.1/thumb/v7e-m/crtend.o
 .ARM.attributes
                0x0000000000000423       0x1e /usr/lib/gcc/arm-none-eabi/6.3.1/thumb/v7e-m/crtn.o
OUTPUT(USART3.elf elf32-littlearm)

.comment        0x0000000000000000       0x31
 .comment       0x0000000000000000       0x31 /usr/lib/gcc/arm-none-eabi/6.3.1/thumb/v7e-m/crtbegin.o
                                         0x32 (size before relaxing)
 .comment       0x0000000000000031       0x32 CMakeFiles/USART3.elf.dir/Drivers/STM32F4xx_HAL_Driver/Src/stm32f4xx_hal.c.obj
 .comment       0x0000000000000031       0x32 CMakeFiles/USART3.elf.dir/src/init.c.obj
 .comment       0x0000000000000031       0x32 CMakeFiles/USART3.elf.dir/src/main.c.obj
 .comment       0x0000000000000031       0x32 CMakeFiles/USART3.elf.dir/src/stm32f4xx_it.c.obj
 .comment       0x0000000000000031       0x32 CMakeFiles/USART3.elf.dir/src/sysmem.c.obj
 .comment       0x0000000000000031       0x32 CMakeFiles/USART3.elf.dir/src/system_stm32f4xx.c.obj
 .comment       0x0000000000000031       0x32 /usr/lib/gcc/arm-none-eabi/6.3.1/../../../arm-none-eabi/lib/thumb/v7e-m/libg.a(lib_a-atexit.o)
 .comment       0x0000000000000031       0x32 /usr/lib/gcc/arm-none-eabi/6.3.1/../../../arm-none-eabi/lib/thumb/v7e-m/libg.a(lib_a-errno.o)
 .comment       0x0000000000000031       0x32 /usr/lib/gcc/arm-none-eabi/6.3.1/../../../arm-none-eabi/lib/thumb/v7e-m/libg.a(lib_a-fini.o)
 .comment       0x0000000000000031       0x32 /usr/lib/gcc/arm-none-eabi/6.3.1/../../../arm-none-eabi/lib/thumb/v7e-m/libg.a(lib_a-impure.o)
 .comment       0x0000000000000031       0x32 /usr/lib/gcc/arm-none-eabi/6.3.1/../../../arm-none-eabi/lib/thumb/v7e-m/libg.a(lib_a-init.o)
 .comment       0x0000000000000031       0x32 /usr/lib/gcc/arm-none-eabi/6.3.1/../../../arm-none-eabi/lib/thumb/v7e-m/libg.a(lib_a-malloc.o)
 .comment       0x0000000000000031       0x32 /usr/lib/gcc/arm-none-eabi/6.3.1/../../../arm-none-eabi/lib/thumb/v7e-m/libg.a(lib_a-mallocr.o)
 .comment       0x0000000000000031       0x32 /usr/lib/gcc/arm-none-eabi/6.3.1/../../../arm-none-eabi/lib/thumb/v7e-m/libg.a(lib_a-mlock.o)
 .comment       0x0000000000000031       0x32 /usr/lib/gcc/arm-none-eabi/6.3.1/../../../arm-none-eabi/lib/thumb/v7e-m/libg.a(lib_a-sbrkr.o)
 .comment       0x0000000000000031       0x32 /usr/lib/gcc/arm-none-eabi/6.3.1/../../../arm-none-eabi/lib/thumb/v7e-m/libg.a(lib_a-__atexit.o)
 .comment       0x0000000000000031       0x32 /usr/lib/gcc/arm-none-eabi/6.3.1/../../../arm-none-eabi/lib/thumb/v7e-m/libg.a(lib_a-__call_atexit.o)
 .comment       0x0000000000000031       0x32 /usr/lib/gcc/arm-none-eabi/6.3.1/../../../arm-none-eabi/lib/thumb/v7e-m/libg.a(lib_a-freer.o)
 .comment       0x0000000000000031       0x32 /usr/lib/gcc/arm-none-eabi/6.3.1/../../../arm-none-eabi/lib/thumb/v7e-m/libg.a(lib_a-reent.o)
 .comment       0x0000000000000031       0x32 /usr/lib/gcc/arm-none-eabi/6.3.1/thumb/v7e-m/crtend.o

.debug_info     0x0000000000000000     0x9af1
 .debug_info    0x0000000000000000      0xa3e CMakeFiles/USART3.elf.dir/Drivers/STM32F4xx_HAL_Driver/Src/stm32f4xx_hal.c.obj
 .debug_info    0x0000000000000a3e       0x9a CMakeFiles/USART3.elf.dir/Startup/startup_stm32f446retx.s.obj
 .debug_info    0x0000000000000ad8      0x490 CMakeFiles/USART3.elf.dir/src/init.c.obj
 .debug_info    0x0000000000000f68      0xd94 CMakeFiles/USART3.elf.dir/src/main.c.obj
 .debug_info    0x0000000000001cfc       0xec CMakeFiles/USART3.elf.dir/src/stm32f4xx_it.c.obj
 .debug_info    0x0000000000001de8      0x98e CMakeFiles/USART3.elf.dir/src/sysmem.c.obj
 .debug_info    0x0000000000002776      0x3e7 CMakeFiles/USART3.elf.dir/src/system_stm32f4xx.c.obj
 .debug_info    0x0000000000002b5d      0x907 /usr/lib/gcc/arm-none-eabi/6.3.1/../../../arm-none-eabi/lib/thumb/v7e-m/libg.a(lib_a-atexit.o)
 .debug_info    0x0000000000003464      0x8cc /usr/lib/gcc/arm-none-eabi/6.3.1/../../../arm-none-eabi/lib/thumb/v7e-m/libg.a(lib_a-errno.o)
 .debug_info    0x0000000000003d30       0xfa /usr/lib/gcc/arm-none-eabi/6.3.1/../../../arm-none-eabi/lib/thumb/v7e-m/libg.a(lib_a-fini.o)
 .debug_info    0x0000000000003e2a      0x8a5 /usr/lib/gcc/arm-none-eabi/6.3.1/../../../arm-none-eabi/lib/thumb/v7e-m/libg.a(lib_a-impure.o)
 .debug_info    0x00000000000046cf      0x110 /usr/lib/gcc/arm-none-eabi/6.3.1/../../../arm-none-eabi/lib/thumb/v7e-m/libg.a(lib_a-init.o)
 .debug_info    0x00000000000047df      0x922 /usr/lib/gcc/arm-none-eabi/6.3.1/../../../arm-none-eabi/lib/thumb/v7e-m/libg.a(lib_a-malloc.o)
 .debug_info    0x0000000000005101      0xdf1 /usr/lib/gcc/arm-none-eabi/6.3.1/../../../arm-none-eabi/lib/thumb/v7e-m/libg.a(lib_a-mallocr.o)
 .debug_info    0x0000000000005ef2      0x8d8 /usr/lib/gcc/arm-none-eabi/6.3.1/../../../arm-none-eabi/lib/thumb/v7e-m/libg.a(lib_a-mlock.o)
 .debug_info    0x00000000000067ca      0x95a /usr/lib/gcc/arm-none-eabi/6.3.1/../../../arm-none-eabi/lib/thumb/v7e-m/libg.a(lib_a-sbrkr.o)
 .debug_info    0x0000000000007124      0x950 /usr/lib/gcc/arm-none-eabi/6.3.1/../../../arm-none-eabi/lib/thumb/v7e-m/libg.a(lib_a-__atexit.o)
 .debug_info    0x0000000000007a74      0x9bc /usr/lib/gcc/arm-none-eabi/6.3.1/../../../arm-none-eabi/lib/thumb/v7e-m/libg.a(lib_a-__call_atexit.o)
 .debug_info    0x0000000000008430      0xca9 /usr/lib/gcc/arm-none-eabi/6.3.1/../../../arm-none-eabi/lib/thumb/v7e-m/libg.a(lib_a-freer.o)
 .debug_info    0x00000000000090d9      0xa18 /usr/lib/gcc/arm-none-eabi/6.3.1/../../../arm-none-eabi/lib/thumb/v7e-m/libg.a(lib_a-reent.o)

.debug_abbrev   0x0000000000000000     0x21a4
 .debug_abbrev  0x0000000000000000      0x1e6 CMakeFiles/USART3.elf.dir/Drivers/STM32F4xx_HAL_Driver/Src/stm32f4xx_hal.c.obj
 .debug_abbrev  0x00000000000001e6       0x12 CMakeFiles/USART3.elf.dir/Startup/startup_stm32f446retx.s.obj
 .debug_abbrev  0x00000000000001f8       0xdf CMakeFiles/USART3.elf.dir/src/init.c.obj
 .debug_abbrev  0x00000000000002d7      0x289 CMakeFiles/USART3.elf.dir/src/main.c.obj
 .debug_abbrev  0x0000000000000560       0x83 CMakeFiles/USART3.elf.dir/src/stm32f4xx_it.c.obj
 .debug_abbrev  0x00000000000005e3      0x1fb CMakeFiles/USART3.elf.dir/src/sysmem.c.obj
 .debug_abbrev  0x00000000000007de      0x124 CMakeFiles/USART3.elf.dir/src/system_stm32f4xx.c.obj
 .debug_abbrev  0x0000000000000902      0x1f6 /usr/lib/gcc/arm-none-eabi/6.3.1/../../../arm-none-eabi/lib/thumb/v7e-m/libg.a(lib_a-atexit.o)
 .debug_abbrev  0x0000000000000af8      0x1a5 /usr/lib/gcc/arm-none-eabi/6.3.1/../../../arm-none-eabi/lib/thumb/v7e-m/libg.a(lib_a-errno.o)
 .debug_abbrev  0x0000000000000c9d       0xbd /usr/lib/gcc/arm-none-eabi/6.3.1/../../../arm-none-eabi/lib/thumb/v7e-m/libg.a(lib_a-fini.o)
 .debug_abbrev  0x0000000000000d5a      0x189 /usr/lib/gcc/arm-none-eabi/6.3.1/../../../arm-none-eabi/lib/thumb/v7e-m/libg.a(lib_a-impure.o)
 .debug_abbrev  0x0000000000000ee3       0xba /usr/lib/gcc/arm-none-eabi/6.3.1/../../../arm-none-eabi/lib/thumb/v7e-m/libg.a(lib_a-init.o)
 .debug_abbrev  0x0000000000000f9d      0x1f6 /usr/lib/gcc/arm-none-eabi/6.3.1/../../../arm-none-eabi/lib/thumb/v7e-m/libg.a(lib_a-malloc.o)
 .debug_abbrev  0x0000000000001193      0x2c4 /usr/lib/gcc/arm-none-eabi/6.3.1/../../../arm-none-eabi/lib/thumb/v7e-m/libg.a(lib_a-mallocr.o)
 .debug_abbrev  0x0000000000001457      0x1ca /usr/lib/gcc/arm-none-eabi/6.3.1/../../../arm-none-eabi/lib/thumb/v7e-m/libg.a(lib_a-mlock.o)
 .debug_abbrev  0x0000000000001621      0x20c /usr/lib/gcc/arm-none-eabi/6.3.1/../../../arm-none-eabi/lib/thumb/v7e-m/libg.a(lib_a-sbrkr.o)
 .debug_abbrev  0x000000000000182d      0x220 /usr/lib/gcc/arm-none-eabi/6.3.1/../../../arm-none-eabi/lib/thumb/v7e-m/libg.a(lib_a-__atexit.o)
 .debug_abbrev  0x0000000000001a4d      0x270 /usr/lib/gcc/arm-none-eabi/6.3.1/../../../arm-none-eabi/lib/thumb/v7e-m/libg.a(lib_a-__call_atexit.o)
 .debug_abbrev  0x0000000000001cbd      0x27a /usr/lib/gcc/arm-none-eabi/6.3.1/../../../arm-none-eabi/lib/thumb/v7e-m/libg.a(lib_a-freer.o)
 .debug_abbrev  0x0000000000001f37      0x26d /usr/lib/gcc/arm-none-eabi/6.3.1/../../../arm-none-eabi/lib/thumb/v7e-m/libg.a(lib_a-reent.o)

.debug_loc      0x0000000000000000     0x1b8e
 .debug_loc     0x0000000000000000      0x10d CMakeFiles/USART3.elf.dir/Drivers/STM32F4xx_HAL_Driver/Src/stm32f4xx_hal.c.obj
 .debug_loc     0x000000000000010d       0x72 CMakeFiles/USART3.elf.dir/src/main.c.obj
 .debug_loc     0x000000000000017f       0x4d CMakeFiles/USART3.elf.dir/src/sysmem.c.obj
 .debug_loc     0x00000000000001cc      0x13e CMakeFiles/USART3.elf.dir/src/system_stm32f4xx.c.obj
 .debug_loc     0x000000000000030a       0x2c /usr/lib/gcc/arm-none-eabi/6.3.1/../../../arm-none-eabi/lib/thumb/v7e-m/libg.a(lib_a-atexit.o)
 .debug_loc     0x0000000000000336       0x5c /usr/lib/gcc/arm-none-eabi/6.3.1/../../../arm-none-eabi/lib/thumb/v7e-m/libg.a(lib_a-fini.o)
 .debug_loc     0x0000000000000392       0xae /usr/lib/gcc/arm-none-eabi/6.3.1/../../../arm-none-eabi/lib/thumb/v7e-m/libg.a(lib_a-init.o)
 .debug_loc     0x0000000000000440       0x58 /usr/lib/gcc/arm-none-eabi/6.3.1/../../../arm-none-eabi/lib/thumb/v7e-m/libg.a(lib_a-malloc.o)
 .debug_loc     0x0000000000000498      0xcf4 /usr/lib/gcc/arm-none-eabi/6.3.1/../../../arm-none-eabi/lib/thumb/v7e-m/libg.a(lib_a-mallocr.o)
 .debug_loc     0x000000000000118c       0x4d /usr/lib/gcc/arm-none-eabi/6.3.1/../../../arm-none-eabi/lib/thumb/v7e-m/libg.a(lib_a-sbrkr.o)
 .debug_loc     0x00000000000011d9      0x197 /usr/lib/gcc/arm-none-eabi/6.3.1/../../../arm-none-eabi/lib/thumb/v7e-m/libg.a(lib_a-__atexit.o)
 .debug_loc     0x0000000000001370      0x199 /usr/lib/gcc/arm-none-eabi/6.3.1/../../../arm-none-eabi/lib/thumb/v7e-m/libg.a(lib_a-__call_atexit.o)
 .debug_loc     0x0000000000001509      0x568 /usr/lib/gcc/arm-none-eabi/6.3.1/../../../arm-none-eabi/lib/thumb/v7e-m/libg.a(lib_a-freer.o)
 .debug_loc     0x0000000000001a71      0x11d /usr/lib/gcc/arm-none-eabi/6.3.1/../../../arm-none-eabi/lib/thumb/v7e-m/libg.a(lib_a-reent.o)

.debug_aranges  0x0000000000000000      0x3c0
 .debug_aranges
                0x0000000000000000       0xf0 CMakeFiles/USART3.elf.dir/Drivers/STM32F4xx_HAL_Driver/Src/stm32f4xx_hal.c.obj
 .debug_aranges
                0x00000000000000f0       0x28 CMakeFiles/USART3.elf.dir/Startup/startup_stm32f446retx.s.obj
 .debug_aranges
                0x0000000000000118       0x30 CMakeFiles/USART3.elf.dir/src/init.c.obj
 .debug_aranges
                0x0000000000000148       0x30 CMakeFiles/USART3.elf.dir/src/main.c.obj
 .debug_aranges
                0x0000000000000178       0x60 CMakeFiles/USART3.elf.dir/src/stm32f4xx_it.c.obj
 .debug_aranges
                0x00000000000001d8       0x20 CMakeFiles/USART3.elf.dir/src/sysmem.c.obj
 .debug_aranges
                0x00000000000001f8       0x28 CMakeFiles/USART3.elf.dir/src/system_stm32f4xx.c.obj
 .debug_aranges
                0x0000000000000220       0x20 /usr/lib/gcc/arm-none-eabi/6.3.1/../../../arm-none-eabi/lib/thumb/v7e-m/libg.a(lib_a-atexit.o)
 .debug_aranges
                0x0000000000000240       0x20 /usr/lib/gcc/arm-none-eabi/6.3.1/../../../arm-none-eabi/lib/thumb/v7e-m/libg.a(lib_a-errno.o)
 .debug_aranges
                0x0000000000000260       0x20 /usr/lib/gcc/arm-none-eabi/6.3.1/../../../arm-none-eabi/lib/thumb/v7e-m/libg.a(lib_a-fini.o)
 .debug_aranges
                0x0000000000000280       0x18 /usr/lib/gcc/arm-none-eabi/6.3.1/../../../arm-none-eabi/lib/thumb/v7e-m/libg.a(lib_a-impure.o)
 .debug_aranges
                0x0000000000000298       0x20 /usr/lib/gcc/arm-none-eabi/6.3.1/../../../arm-none-eabi/lib/thumb/v7e-m/libg.a(lib_a-init.o)
 .debug_aranges
                0x00000000000002b8       0x20 /usr/lib/gcc/arm-none-eabi/6.3.1/../../../arm-none-eabi/lib/thumb/v7e-m/libg.a(lib_a-malloc.o)
 .debug_aranges
                0x00000000000002d8       0x20 /usr/lib/gcc/arm-none-eabi/6.3.1/../../../arm-none-eabi/lib/thumb/v7e-m/libg.a(lib_a-mallocr.o)
 .debug_aranges
                0x00000000000002f8       0x20 /usr/lib/gcc/arm-none-eabi/6.3.1/../../../arm-none-eabi/lib/thumb/v7e-m/libg.a(lib_a-mlock.o)
 .debug_aranges
                0x0000000000000318       0x20 /usr/lib/gcc/arm-none-eabi/6.3.1/../../../arm-none-eabi/lib/thumb/v7e-m/libg.a(lib_a-sbrkr.o)
 .debug_aranges
                0x0000000000000338       0x20 /usr/lib/gcc/arm-none-eabi/6.3.1/../../../arm-none-eabi/lib/thumb/v7e-m/libg.a(lib_a-__atexit.o)
 .debug_aranges
                0x0000000000000358       0x28 /usr/lib/gcc/arm-none-eabi/6.3.1/../../../arm-none-eabi/lib/thumb/v7e-m/libg.a(lib_a-__call_atexit.o)
 .debug_aranges
                0x0000000000000380       0x20 /usr/lib/gcc/arm-none-eabi/6.3.1/../../../arm-none-eabi/lib/thumb/v7e-m/libg.a(lib_a-freer.o)
 .debug_aranges
                0x00000000000003a0       0x20 /usr/lib/gcc/arm-none-eabi/6.3.1/../../../arm-none-eabi/lib/thumb/v7e-m/libg.a(lib_a-reent.o)

.debug_ranges   0x0000000000000000      0x230
 .debug_ranges  0x0000000000000000       0xe0 CMakeFiles/USART3.elf.dir/Drivers/STM32F4xx_HAL_Driver/Src/stm32f4xx_hal.c.obj
 .debug_ranges  0x00000000000000e0       0x20 CMakeFiles/USART3.elf.dir/Startup/startup_stm32f446retx.s.obj
 .debug_ranges  0x0000000000000100       0x20 CMakeFiles/USART3.elf.dir/src/init.c.obj
 .debug_ranges  0x0000000000000120       0x20 CMakeFiles/USART3.elf.dir/src/main.c.obj
 .debug_ranges  0x0000000000000140       0x50 CMakeFiles/USART3.elf.dir/src/stm32f4xx_it.c.obj
 .debug_ranges  0x0000000000000190       0x10 CMakeFiles/USART3.elf.dir/src/sysmem.c.obj
 .debug_ranges  0x00000000000001a0       0x18 CMakeFiles/USART3.elf.dir/src/system_stm32f4xx.c.obj
 .debug_ranges  0x00000000000001b8       0x40 /usr/lib/gcc/arm-none-eabi/6.3.1/../../../arm-none-eabi/lib/thumb/v7e-m/libg.a(lib_a-mallocr.o)
 .debug_ranges  0x00000000000001f8       0x38 /usr/lib/gcc/arm-none-eabi/6.3.1/../../../arm-none-eabi/lib/thumb/v7e-m/libg.a(lib_a-__call_atexit.o)

.debug_line     0x0000000000000000     0x20b3
 .debug_line    0x0000000000000000      0x414 CMakeFiles/USART3.elf.dir/Drivers/STM32F4xx_HAL_Driver/Src/stm32f4xx_hal.c.obj
 .debug_line    0x0000000000000414       0xa3 CMakeFiles/USART3.elf.dir/Startup/startup_stm32f446retx.s.obj
 .debug_line    0x00000000000004b7      0x1eb CMakeFiles/USART3.elf.dir/src/init.c.obj
 .debug_line    0x00000000000006a2      0x32a CMakeFiles/USART3.elf.dir/src/main.c.obj
 .debug_line    0x00000000000009cc       0xe8 CMakeFiles/USART3.elf.dir/src/stm32f4xx_it.c.obj
 .debug_line    0x0000000000000ab4      0x121 CMakeFiles/USART3.elf.dir/src/sysmem.c.obj
 .debug_line    0x0000000000000bd5      0x1fa CMakeFiles/USART3.elf.dir/src/system_stm32f4xx.c.obj
 .debug_line    0x0000000000000dcf      0x151 /usr/lib/gcc/arm-none-eabi/6.3.1/../../../arm-none-eabi/lib/thumb/v7e-m/libg.a(lib_a-atexit.o)
 .debug_line    0x0000000000000f20      0x104 /usr/lib/gcc/arm-none-eabi/6.3.1/../../../arm-none-eabi/lib/thumb/v7e-m/libg.a(lib_a-errno.o)
 .debug_line    0x0000000000001024       0x9f /usr/lib/gcc/arm-none-eabi/6.3.1/../../../arm-none-eabi/lib/thumb/v7e-m/libg.a(lib_a-fini.o)
 .debug_line    0x00000000000010c3       0xe9 /usr/lib/gcc/arm-none-eabi/6.3.1/../../../arm-none-eabi/lib/thumb/v7e-m/libg.a(lib_a-impure.o)
 .debug_line    0x00000000000011ac       0xb8 /usr/lib/gcc/arm-none-eabi/6.3.1/../../../arm-none-eabi/lib/thumb/v7e-m/libg.a(lib_a-init.o)
 .debug_line    0x0000000000001264      0x154 /usr/lib/gcc/arm-none-eabi/6.3.1/../../../arm-none-eabi/lib/thumb/v7e-m/libg.a(lib_a-malloc.o)
 .debug_line    0x00000000000013b8      0x391 /usr/lib/gcc/arm-none-eabi/6.3.1/../../../arm-none-eabi/lib/thumb/v7e-m/libg.a(lib_a-mallocr.o)
 .debug_line    0x0000000000001749       0xf8 /usr/lib/gcc/arm-none-eabi/6.3.1/../../../arm-none-eabi/lib/thumb/v7e-m/libg.a(lib_a-mlock.o)
 .debug_line    0x0000000000001841      0x15a /usr/lib/gcc/arm-none-eabi/6.3.1/../../../arm-none-eabi/lib/thumb/v7e-m/libg.a(lib_a-sbrkr.o)
 .debug_line    0x000000000000199b      0x184 /usr/lib/gcc/arm-none-eabi/6.3.1/../../../arm-none-eabi/lib/thumb/v7e-m/libg.a(lib_a-__atexit.o)
 .debug_line    0x0000000000001b1f      0x1b2 /usr/lib/gcc/arm-none-eabi/6.3.1/../../../arm-none-eabi/lib/thumb/v7e-m/libg.a(lib_a-__call_atexit.o)
 .debug_line    0x0000000000001cd1      0x269 /usr/lib/gcc/arm-none-eabi/6.3.1/../../../arm-none-eabi/lib/thumb/v7e-m/libg.a(lib_a-freer.o)
 .debug_line    0x0000000000001f3a      0x179 /usr/lib/gcc/arm-none-eabi/6.3.1/../../../arm-none-eabi/lib/thumb/v7e-m/libg.a(lib_a-reent.o)

.debug_str      0x0000000000000000     0x1a7e
 .debug_str     0x0000000000000000      0xb6b CMakeFiles/USART3.elf.dir/Drivers/STM32F4xx_HAL_Driver/Src/stm32f4xx_hal.c.obj
                                        0xbe7 (size before relaxing)
 .debug_str     0x0000000000000b6b       0x91 CMakeFiles/USART3.elf.dir/src/init.c.obj
                                        0x3d6 (size before relaxing)
 .debug_str     0x0000000000000bfc      0x4a8 CMakeFiles/USART3.elf.dir/src/main.c.obj
                                        0x77b (size before relaxing)
 .debug_str     0x00000000000010a4       0xc6 CMakeFiles/USART3.elf.dir/src/stm32f4xx_it.c.obj
                                        0x16b (size before relaxing)
 .debug_str     0x000000000000116a       0xaf CMakeFiles/USART3.elf.dir/src/sysmem.c.obj
                                        0x5e6 (size before relaxing)
 .debug_str     0x0000000000001219       0x76 CMakeFiles/USART3.elf.dir/src/system_stm32f4xx.c.obj
                                        0x3bb (size before relaxing)
 .debug_str     0x000000000000128f      0x12e /usr/lib/gcc/arm-none-eabi/6.3.1/../../../arm-none-eabi/lib/thumb/v7e-m/libg.a(lib_a-atexit.o)
                                        0x5b2 (size before relaxing)
 .debug_str     0x00000000000013bd       0x8c /usr/lib/gcc/arm-none-eabi/6.3.1/../../../arm-none-eabi/lib/thumb/v7e-m/libg.a(lib_a-errno.o)
                                        0x579 (size before relaxing)
 .debug_str     0x0000000000001449       0xc6 /usr/lib/gcc/arm-none-eabi/6.3.1/../../../arm-none-eabi/lib/thumb/v7e-m/libg.a(lib_a-fini.o)
                                        0x1cb (size before relaxing)
 .debug_str     0x000000000000150f       0x99 /usr/lib/gcc/arm-none-eabi/6.3.1/../../../arm-none-eabi/lib/thumb/v7e-m/libg.a(lib_a-impure.o)
                                        0x567 (size before relaxing)
 .debug_str     0x00000000000015a8       0x8d /usr/lib/gcc/arm-none-eabi/6.3.1/../../../arm-none-eabi/lib/thumb/v7e-m/libg.a(lib_a-init.o)
                                        0x1f5 (size before relaxing)
 .debug_str     0x0000000000001635       0x4f /usr/lib/gcc/arm-none-eabi/6.3.1/../../../arm-none-eabi/lib/thumb/v7e-m/libg.a(lib_a-malloc.o)
                                        0x598 (size before relaxing)
 .debug_str     0x0000000000001684      0x240 /usr/lib/gcc/arm-none-eabi/6.3.1/../../../arm-none-eabi/lib/thumb/v7e-m/libg.a(lib_a-mallocr.o)
                                        0x7cf (size before relaxing)
 .debug_str     0x00000000000018c4       0x45 /usr/lib/gcc/arm-none-eabi/6.3.1/../../../arm-none-eabi/lib/thumb/v7e-m/libg.a(lib_a-mlock.o)
                                        0x58f (size before relaxing)
 .debug_str     0x0000000000001909       0x2f /usr/lib/gcc/arm-none-eabi/6.3.1/../../../arm-none-eabi/lib/thumb/v7e-m/libg.a(lib_a-sbrkr.o)
                                        0x5aa (size before relaxing)
 .debug_str     0x0000000000001938       0x41 /usr/lib/gcc/arm-none-eabi/6.3.1/../../../arm-none-eabi/lib/thumb/v7e-m/libg.a(lib_a-__atexit.o)
                                        0x5cc (size before relaxing)
 .debug_str     0x0000000000001979       0x76 /usr/lib/gcc/arm-none-eabi/6.3.1/../../../arm-none-eabi/lib/thumb/v7e-m/libg.a(lib_a-__call_atexit.o)
                                        0x5dd (size before relaxing)
 .debug_str     0x00000000000019ef       0x34 /usr/lib/gcc/arm-none-eabi/6.3.1/../../../arm-none-eabi/lib/thumb/v7e-m/libg.a(lib_a-freer.o)
                                        0x748 (size before relaxing)
 .debug_str     0x0000000000001a23       0x5b /usr/lib/gcc/arm-none-eabi/6.3.1/../../../arm-none-eabi/lib/thumb/v7e-m/libg.a(lib_a-reent.o)
                                        0x5a3 (size before relaxing)

.debug_frame    0x0000000000000000      0x650
 .debug_frame   0x0000000000000000      0x1ec CMakeFiles/USART3.elf.dir/Drivers/STM32F4xx_HAL_Driver/Src/stm32f4xx_hal.c.obj
 .debug_frame   0x00000000000001ec       0x40 CMakeFiles/USART3.elf.dir/src/init.c.obj
 .debug_frame   0x000000000000022c       0x50 CMakeFiles/USART3.elf.dir/src/main.c.obj
 .debug_frame   0x000000000000027c       0xa8 CMakeFiles/USART3.elf.dir/src/stm32f4xx_it.c.obj
 .debug_frame   0x0000000000000324       0x28 CMakeFiles/USART3.elf.dir/src/sysmem.c.obj
 .debug_frame   0x000000000000034c       0x30 CMakeFiles/USART3.elf.dir/src/system_stm32f4xx.c.obj
 .debug_frame   0x000000000000037c       0x20 /usr/lib/gcc/arm-none-eabi/6.3.1/../../../arm-none-eabi/lib/thumb/v7e-m/libg.a(lib_a-atexit.o)
 .debug_frame   0x000000000000039c       0x20 /usr/lib/gcc/arm-none-eabi/6.3.1/../../../arm-none-eabi/lib/thumb/v7e-m/libg.a(lib_a-errno.o)
 .debug_frame   0x00000000000003bc       0x34 /usr/lib/gcc/arm-none-eabi/6.3.1/../../../arm-none-eabi/lib/thumb/v7e-m/libg.a(lib_a-fini.o)
 .debug_frame   0x00000000000003f0       0x2c /usr/lib/gcc/arm-none-eabi/6.3.1/../../../arm-none-eabi/lib/thumb/v7e-m/libg.a(lib_a-init.o)
 .debug_frame   0x000000000000041c       0x30 /usr/lib/gcc/arm-none-eabi/6.3.1/../../../arm-none-eabi/lib/thumb/v7e-m/libg.a(lib_a-malloc.o)
 .debug_frame   0x000000000000044c       0x58 /usr/lib/gcc/arm-none-eabi/6.3.1/../../../arm-none-eabi/lib/thumb/v7e-m/libg.a(lib_a-mallocr.o)
 .debug_frame   0x00000000000004a4       0x30 /usr/lib/gcc/arm-none-eabi/6.3.1/../../../arm-none-eabi/lib/thumb/v7e-m/libg.a(lib_a-mlock.o)
 .debug_frame   0x00000000000004d4       0x2c /usr/lib/gcc/arm-none-eabi/6.3.1/../../../arm-none-eabi/lib/thumb/v7e-m/libg.a(lib_a-sbrkr.o)
 .debug_frame   0x0000000000000500       0x34 /usr/lib/gcc/arm-none-eabi/6.3.1/../../../arm-none-eabi/lib/thumb/v7e-m/libg.a(lib_a-__atexit.o)
 .debug_frame   0x0000000000000534       0x50 /usr/lib/gcc/arm-none-eabi/6.3.1/../../../arm-none-eabi/lib/thumb/v7e-m/libg.a(lib_a-__call_atexit.o)
 .debug_frame   0x0000000000000584       0x74 /usr/lib/gcc/arm-none-eabi/6.3.1/../../../arm-none-eabi/lib/thumb/v7e-m/libg.a(lib_a-freer.o)
 .debug_frame   0x00000000000005f8       0x58 /usr/lib/gcc/arm-none-eabi/6.3.1/../../../arm-none-eabi/lib/thumb/v7e-m/libg.a(lib_a-reent.o)
